sources/driver/Adafruit_oled_drv/Adafruit_oled_drv.cpp:332:6:virtual void Adafruit_oled_drv::updateRow(int, int)	16	static
sources/driver/Adafruit_oled_drv/Adafruit_oled_drv.cpp:201:6:virtual void Adafruit_oled_drv::drawPixel(int16_t, int16_t, uint16_t)	24	static
sources/driver/Adafruit_oled_drv/Adafruit_oled_drv.cpp:5:1:Adafruit_oled_drv::Adafruit_oled_drv()	8	static
sources/driver/Adafruit_oled_drv/Adafruit_oled_drv.cpp:11:1:Adafruit_oled_drv::~Adafruit_oled_drv()	0	static
sources/driver/Adafruit_oled_drv/Adafruit_oled_drv.cpp:125:6:void Adafruit_oled_drv::clear(bool)	16	static
sources/driver/Adafruit_oled_drv/Adafruit_oled_drv.cpp:163:6:void Adafruit_oled_drv::writeByte(unsigned char)	16	static
sources/driver/Adafruit_oled_drv/Adafruit_oled_drv.cpp:188:6:void Adafruit_oled_drv::startIIC()	8	static
sources/driver/Adafruit_oled_drv/Adafruit_oled_drv.cpp:194:6:void Adafruit_oled_drv::stopIIC()	8	static
sources/driver/Adafruit_oled_drv/Adafruit_oled_drv.cpp:155:6:void Adafruit_oled_drv::writeCommand(unsigned char)	16	static
sources/driver/Adafruit_oled_drv/Adafruit_oled_drv.cpp:13:6:virtual bool Adafruit_oled_drv::initialize()	8	static
sources/driver/Adafruit_oled_drv/Adafruit_oled_drv.cpp:131:6:void Adafruit_oled_drv::display_on()	0	static
sources/driver/Adafruit_oled_drv/Adafruit_oled_drv.cpp:143:6:void Adafruit_oled_drv::display_off()	0	static
sources/driver/Adafruit_oled_drv/Adafruit_oled_drv.cpp:227:6:void Adafruit_oled_drv::startDataSequence()	8	static
sources/driver/Adafruit_oled_drv/Adafruit_oled_drv.cpp:233:6:virtual void Adafruit_oled_drv::update()	24	static
sources/driver/Adafruit_oled_drv/Adafruit_oled_drv.cpp:292:6:virtual void Adafruit_oled_drv::updateRow(int)	16	static
