Archive member included to satisfy reference by file (symbol)

/home/phattlh/workspace/tools/gcc-arm-none-eabi-10.3-2021.10/arm-none-eabi/lib/thumb/v7-m/nofp/libc.a(lib_a-atof.o)
                              build_SurvivalGame-application/WString.o (atof)
/home/phattlh/workspace/tools/gcc-arm-none-eabi-10.3-2021.10/arm-none-eabi/lib/thumb/v7-m/nofp/libc.a(lib_a-atol.o)
                              build_SurvivalGame-application/WString.o (atol)
/home/phattlh/workspace/tools/gcc-arm-none-eabi-10.3-2021.10/arm-none-eabi/lib/thumb/v7-m/nofp/libc.a(lib_a-isspace.o)
                              build_SurvivalGame-application/WString.o (isspace)
/home/phattlh/workspace/tools/gcc-arm-none-eabi-10.3-2021.10/arm-none-eabi/lib/thumb/v7-m/nofp/libc.a(lib_a-malloc.o)
                              build_SurvivalGame-application/message.o (malloc)
/home/phattlh/workspace/tools/gcc-arm-none-eabi-10.3-2021.10/arm-none-eabi/lib/thumb/v7-m/nofp/libc.a(lib_a-mallocr.o)
                              /home/phattlh/workspace/tools/gcc-arm-none-eabi-10.3-2021.10/arm-none-eabi/lib/thumb/v7-m/nofp/libc.a(lib_a-malloc.o) (_malloc_r)
/home/phattlh/workspace/tools/gcc-arm-none-eabi-10.3-2021.10/arm-none-eabi/lib/thumb/v7-m/nofp/libc.a(lib_a-memcmp.o)
                              build_SurvivalGame-application/mbmfuncfiles.o (memcmp)
/home/phattlh/workspace/tools/gcc-arm-none-eabi-10.3-2021.10/arm-none-eabi/lib/thumb/v7-m/nofp/libc.a(lib_a-memcpy.o)
                              build_SurvivalGame-application/message.o (memcpy)
/home/phattlh/workspace/tools/gcc-arm-none-eabi-10.3-2021.10/arm-none-eabi/lib/thumb/v7-m/nofp/libc.a(lib_a-memmove.o)
                              build_SurvivalGame-application/WString.o (memmove)
/home/phattlh/workspace/tools/gcc-arm-none-eabi-10.3-2021.10/arm-none-eabi/lib/thumb/v7-m/nofp/libc.a(lib_a-memset.o)
                              build_SurvivalGame-application/task.o (memset)
/home/phattlh/workspace/tools/gcc-arm-none-eabi-10.3-2021.10/arm-none-eabi/lib/thumb/v7-m/nofp/libc.a(lib_a-mlock.o)
                              /home/phattlh/workspace/tools/gcc-arm-none-eabi-10.3-2021.10/arm-none-eabi/lib/thumb/v7-m/nofp/libc.a(lib_a-mallocr.o) (__malloc_lock)
/home/phattlh/workspace/tools/gcc-arm-none-eabi-10.3-2021.10/arm-none-eabi/lib/thumb/v7-m/nofp/libc.a(lib_a-rand.o)
                              build_SurvivalGame-application/WMath.o (srand)
/home/phattlh/workspace/tools/gcc-arm-none-eabi-10.3-2021.10/arm-none-eabi/lib/thumb/v7-m/nofp/libc.a(lib_a-realloc.o)
                              build_SurvivalGame-application/WString.o (realloc)
/home/phattlh/workspace/tools/gcc-arm-none-eabi-10.3-2021.10/arm-none-eabi/lib/thumb/v7-m/nofp/libc.a(lib_a-reallocr.o)
                              /home/phattlh/workspace/tools/gcc-arm-none-eabi-10.3-2021.10/arm-none-eabi/lib/thumb/v7-m/nofp/libc.a(lib_a-realloc.o) (_realloc_r)
/home/phattlh/workspace/tools/gcc-arm-none-eabi-10.3-2021.10/arm-none-eabi/lib/thumb/v7-m/nofp/libc.a(lib_a-sbrkr.o)
                              /home/phattlh/workspace/tools/gcc-arm-none-eabi-10.3-2021.10/arm-none-eabi/lib/thumb/v7-m/nofp/libc.a(lib_a-mallocr.o) (_sbrk_r)
/home/phattlh/workspace/tools/gcc-arm-none-eabi-10.3-2021.10/arm-none-eabi/lib/thumb/v7-m/nofp/libc.a(lib_a-strcat.o)
                              build_SurvivalGame-application/dtostrf.o (strcat)
/home/phattlh/workspace/tools/gcc-arm-none-eabi-10.3-2021.10/arm-none-eabi/lib/thumb/v7-m/nofp/libc.a(lib_a-strchr.o)
                              build_SurvivalGame-application/WString.o (strchr)
/home/phattlh/workspace/tools/gcc-arm-none-eabi-10.3-2021.10/arm-none-eabi/lib/thumb/v7-m/nofp/libc.a(lib_a-strcmp.o)
                              build_SurvivalGame-application/cmd_line.o (strcmp)
/home/phattlh/workspace/tools/gcc-arm-none-eabi-10.3-2021.10/arm-none-eabi/lib/thumb/v7-m/nofp/libc.a(lib_a-strcpy.o)
                              build_SurvivalGame-application/sys_dbg.o (strcpy)
/home/phattlh/workspace/tools/gcc-arm-none-eabi-10.3-2021.10/arm-none-eabi/lib/thumb/v7-m/nofp/libc.a(lib_a-strlen-stub.o)
                              build_SurvivalGame-application/xprintf.o (strlen)
/home/phattlh/workspace/tools/gcc-arm-none-eabi-10.3-2021.10/arm-none-eabi/lib/thumb/v7-m/nofp/libc.a(lib_a-strncmp.o)
                              build_SurvivalGame-application/WString.o (strncmp)
/home/phattlh/workspace/tools/gcc-arm-none-eabi-10.3-2021.10/arm-none-eabi/lib/thumb/v7-m/nofp/libc.a(lib_a-strncpy.o)
                              build_SurvivalGame-application/WString.o (strncpy)
/home/phattlh/workspace/tools/gcc-arm-none-eabi-10.3-2021.10/arm-none-eabi/lib/thumb/v7-m/nofp/libc.a(lib_a-strrchr.o)
                              build_SurvivalGame-application/WString.o (strrchr)
/home/phattlh/workspace/tools/gcc-arm-none-eabi-10.3-2021.10/arm-none-eabi/lib/thumb/v7-m/nofp/libc.a(lib_a-strstr.o)
                              build_SurvivalGame-application/WString.o (strstr)
[...]
Memory Configuration

Name             Origin             Length             Attributes
BSF              0x0000000008002000 0x0000000000001000 xr
FLASH            0x0000000008003000 0x000000000001d000 xr
SRAM             0x0000000020000000 0x0000000000004000 xrw
*default*        0x0000000000000000 0xffffffffffffffff

Linker script and memory map

                0x0000000000000800                HEAP_SIZE = 0x800

.start_boot_share_data_flash
                0x0000000008002000        0x0
                0x0000000008002000                _start_boot_share_data_flash = .

.start_flash    0x0000000008003000        0x0
                0x0000000008003000                _start_flash = .

.isr_vector     0x0000000008003000       0xf4
                0x0000000008003000                _isr_vector = .
 *(.isr_vector)
 .isr_vector    0x0000000008003000       0xf4 build_SurvivalGame-application/system.o
                0x0000000008003000                isr_vector
                0x00000000080030f4                . = ALIGN (0x4)

.text           0x00000000080030f8     0xd718
                0x00000000080030f8                . = ALIGN (0x4)
 *(.text)
 .text          0x00000000080030f8       0xec /home/phattlh/workspace/tools/gcc-arm-none-eabi-10.3-2021.10/arm-none-eabi/lib/thumb/v7-m/nofp/libc.a(lib_a-memcpy.o)
                0x00000000080030f8                memcpy
 .text          0x00000000080031e4      0x1bc /home/phattlh/workspace/tools/gcc-arm-none-eabi-10.3-2021.10/arm-none-eabi/lib/thumb/v7-m/nofp/libc.a(lib_a-strcmp.o)
                0x00000000080031e4                strcmp
 .text          0x00000000080033a0      0x378 /home/phattlh/workspace/tools/gcc-arm-none-eabi-10.3-2021.10/lib/gcc/arm-none-eabi/10.3.1/thumb/v7-m/nofp/libgcc.a(_arm_addsubdf3.o)
                0x00000000080033a0                __aeabi_drsub
                0x00000000080033a8                __aeabi_dsub
                0x00000000080033a8                __subdf3
                0x00000000080033ac                __adddf3
                0x00000000080033ac                __aeabi_dadd
                0x0000000008003624                __aeabi_ui2d
                0x0000000008003624                __floatunsidf
                0x0000000008003644                __floatsidf
                0x0000000008003644                __aeabi_i2d
                0x0000000008003668                __extendsfdf2
                0x0000000008003668                __aeabi_f2d
                0x00000000080036ac                __aeabi_ul2d
                0x00000000080036ac                __floatundidf
                0x00000000080036bc                __floatdidf
                0x00000000080036bc                __aeabi_l2d
 .text          0x0000000008003718      0x424 /home/phattlh/workspace/tools/gcc-arm-none-eabi-10.3-2021.10/lib/gcc/arm-none-eabi/10.3.1/thumb/v7-m/nofp/libgcc.a(_arm_muldivdf3.o)
                0x0000000008003718                __aeabi_dmul
                0x0000000008003718                __muldf3
                0x000000000800396c                __aeabi_ddiv
                0x000000000800396c                __divdf3
 .text          0x0000000008003b3c      0x110 /home/phattlh/workspace/tools/gcc-arm-none-eabi-10.3-2021.10/lib/gcc/arm-none-eabi/10.3.1/thumb/v7-m/nofp/libgcc.a(_arm_cmpdf2.o)
                0x0000000008003b3c                __gtdf2
                0x0000000008003b3c                __gedf2
                0x0000000008003b44                __ltdf2
                0x0000000008003b44                __ledf2
                0x0000000008003b4c                __cmpdf2
                0x0000000008003b4c                __eqdf2
                0x0000000008003b4c                __nedf2
                0x0000000008003bc8                __aeabi_cdrcmple
                0x0000000008003bd8                __aeabi_cdcmple
                0x0000000008003bd8                __aeabi_cdcmpeq
                0x0000000008003be8                __aeabi_dcmpeq
                0x0000000008003bfc                __aeabi_dcmplt
                0x0000000008003c10                __aeabi_dcmple
                0x0000000008003c24                __aeabi_dcmpge
                0x0000000008003c38                __aeabi_dcmpgt
 .text          0x0000000008003c4c       0x2c /home/phattlh/workspace/tools/gcc-arm-none-eabi-10.3-2021.10/lib/gcc/arm-none-eabi/10.3.1/thumb/v7-m/nofp/libgcc.a(_arm_unorddf2.o)
                0x0000000008003c4c                __aeabi_dcmpun
                0x0000000008003c4c                __unorddf2
 .text          0x0000000008003c78       0x50 /home/phattlh/workspace/tools/gcc-arm-none-eabi-10.3-2021.10/lib/gcc/arm-none-eabi/10.3.1/thumb/v7-m/nofp/libgcc.a(_arm_fixdfsi.o)
                0x0000000008003c78                __fixdfsi
                0x0000000008003c78                __aeabi_d2iz
 .text          0x0000000008003cc8       0x40 /home/phattlh/workspace/tools/gcc-arm-none-eabi-10.3-2021.10/lib/gcc/arm-none-eabi/10.3.1/thumb/v7-m/nofp/libgcc.a(_arm_fixunsdfsi.o)
                0x0000000008003cc8                __fixunsdfsi
                0x0000000008003cc8                __aeabi_d2uiz
 .text          0x0000000008003d08      0x21c /home/phattlh/workspace/tools/gcc-arm-none-eabi-10.3-2021.10/lib/gcc/arm-none-eabi/10.3.1/thumb/v7-m/nofp/libgcc.a(_arm_addsubsf3.o)
                0x0000000008003d08                __aeabi_frsub
                0x0000000008003d10                __subsf3
                0x0000000008003d10                __aeabi_fsub
                0x0000000008003d14                __aeabi_fadd
                0x0000000008003d14                __addsf3
                0x0000000008003e74                __aeabi_ui2f
                0x0000000008003e74                __floatunsisf
                0x0000000008003e7c                __aeabi_i2f
                0x0000000008003e7c                __floatsisf
                0x0000000008003e98                __floatundisf
                0x0000000008003e98                __aeabi_ul2f
                0x0000000008003ea8                __floatdisf
                0x0000000008003ea8                __aeabi_l2f
 .text          0x0000000008003f24       0x30 /home/phattlh/workspace/tools/gcc-arm-none-eabi-10.3-2021.10/lib/gcc/arm-none-eabi/10.3.1/thumb/v7-m/nofp/libgcc.a(_aeabi_uldivmod.o)
                0x0000000008003f24                __aeabi_uldivmod
 .text          0x0000000008003f54      0x2d4 /home/phattlh/workspace/tools/gcc-arm-none-eabi-10.3-2021.10/lib/gcc/arm-none-eabi/10.3.1/thumb/v7-m/nofp/libgcc.a(_udivmoddi4.o)
                0x0000000008003f54                __udivmoddi4
 .text          0x0000000008004228        0x4 /home/phattlh/workspace/tools/gcc-arm-none-eabi-10.3-2021.10/lib/gcc/arm-none-eabi/10.3.1/thumb/v7-m/nofp/libgcc.a(_dvmd_tls.o)
                0x0000000008004228                __aeabi_ldiv0
                0x0000000008004228                __aeabi_idiv0
 *(.text*)
 .text.fsm_dispatch
                0x000000000800422c        0x6 build_SurvivalGame-application/fsm.o
                0x000000000800422c                fsm_dispatch
 *fill*         0x0000000008004232        0x2 
 .text.task_create
                0x0000000008004234       0x3c build_SurvivalGame-application/task.o
                0x0000000008004234                task_create
 .text.task_polling_create
                0x0000000008004270       0x34 build_SurvivalGame-application/task.o
                0x0000000008004270                task_polling_create
 .text.task_post
                0x00000000080042a4       0x84 build_SurvivalGame-application/task.o
                0x00000000080042a4                task_post
 .text.task_remove_msg
                0x0000000008004328       0xb4 build_SurvivalGame-application/task.o
                0x0000000008004328                task_remove_msg
 .text.task_post_pure_msg
                0x00000000080043dc       0x18 build_SurvivalGame-application/task.o
                0x00000000080043dc                task_post_pure_msg
 .text.task_post_common_msg
                0x00000000080043f4       0x2a build_SurvivalGame-application/task.o
                0x00000000080043f4                task_post_common_msg
 *fill*         0x000000000800441e        0x2 
 .text.task_entry_interrupt
                0x0000000008004420       0x1c build_SurvivalGame-application/task.o
                0x0000000008004420                task_entry_interrupt
 .text.task_exit_interrupt
                0x000000000800443c       0x24 build_SurvivalGame-application/task.o
                0x000000000800443c                task_exit_interrupt
 .text.task_init
                0x0000000008004460       0x40 build_SurvivalGame-application/task.o
                0x0000000008004460                task_init
 .text.task_polling_run
                0x00000000080044a0       0x34 build_SurvivalGame-application/task.o
                0x00000000080044a0                task_polling_run
 .text.task_run
                0x00000000080044d4      0x138 build_SurvivalGame-application/task.o
                0x00000000080044d4                task_run
 .text.get_current_task_id
                0x000000000800460c        0xc build_SurvivalGame-application/task.o
                0x000000000800460c                get_current_task_id
 .text.get_current_task_info
                0x0000000008004618        0x8 build_SurvivalGame-application/task.o
                0x0000000008004618                get_current_task_info
 .text.get_current_active_object
                0x0000000008004620        0x8 build_SurvivalGame-application/task.o
                0x0000000008004620                get_current_active_object
 .text.timer_remove_msg
                0x0000000008004628       0x64 build_SurvivalGame-application/timer.o
 .text.task_timer_tick
                0x000000000800468c       0x7c build_SurvivalGame-application/timer.o
                0x000000000800468c                task_timer_tick
 .text.timer_init
                0x0000000008004708       0x6c build_SurvivalGame-application/timer.o
                0x0000000008004708                timer_init
 .text.timer_tick
                0x0000000008004774       0x38 build_SurvivalGame-application/timer.o
                0x0000000008004774                timer_tick
 .text.timer_set
                0x00000000080047ac       0x98 build_SurvivalGame-application/timer.o
                0x00000000080047ac                timer_set
 .text.timer_remove_attr
                0x0000000008004844       0x18 build_SurvivalGame-application/timer.o
                0x0000000008004844                timer_remove_attr
 .text.free_common_msg
                0x000000000800485c       0x28 build_SurvivalGame-application/message.o
 .text.free_pure_msg
                0x0000000008004884       0x28 build_SurvivalGame-application/message.o
 .text.free_dynamic_msg
                0x00000000080048ac       0x30 build_SurvivalGame-application/message.o
 .text.msg_init
                0x00000000080048dc      0x100 build_SurvivalGame-application/message.o
                0x00000000080048dc                msg_init
 .text.msg_force_free
                0x00000000080049dc       0x44 build_SurvivalGame-application/message.o
                0x00000000080049dc                msg_force_free
 .text.msg_inc_ref_count
                0x0000000008004a20       0x2c build_SurvivalGame-application/message.o
                0x0000000008004a20                msg_inc_ref_count
 .text.msg_dec_ref_count
                0x0000000008004a4c       0x28 build_SurvivalGame-application/message.o
                0x0000000008004a4c                msg_dec_ref_count
 .text.msg_free
                0x0000000008004a74       0x58 build_SurvivalGame-application/message.o
                0x0000000008004a74                msg_free
 .text.ak_malloc
                0x0000000008004acc       0x50 build_SurvivalGame-application/message.o
                0x0000000008004acc                ak_malloc
 .text.ak_free  0x0000000008004b1c        0x4 build_SurvivalGame-application/message.o
                0x0000000008004b1c                ak_free
 .text.get_pure_msg
                0x0000000008004b20       0x5c build_SurvivalGame-application/message.o
                0x0000000008004b20                get_pure_msg
 .text.get_common_msg
                0x0000000008004b7c       0x60 build_SurvivalGame-application/message.o
                0x0000000008004b7c                get_common_msg
 .text.set_data_common_msg
                0x0000000008004bdc       0x4c build_SurvivalGame-application/message.o
                0x0000000008004bdc                set_data_common_msg
 .text.get_data_common_msg
                0x0000000008004c28       0x28 build_SurvivalGame-application/message.o
                0x0000000008004c28                get_data_common_msg
 .text.get_data_len_common_msg
                0x0000000008004c50       0x28 build_SurvivalGame-application/message.o
                0x0000000008004c50                get_data_len_common_msg
 .text.get_dynamic_msg
                0x0000000008004c78       0x64 build_SurvivalGame-application/message.o
                0x0000000008004c78                get_dynamic_msg
 .text.set_data_dynamic_msg
                0x0000000008004cdc       0x3c build_SurvivalGame-application/message.o
                0x0000000008004cdc                set_data_dynamic_msg
 .text.get_data_dynamic_msg
                0x0000000008004d18       0x28 build_SurvivalGame-application/message.o
                0x0000000008004d18                get_data_dynamic_msg
 .text.get_data_len_dynamic_msg
                0x0000000008004d40        0x4 build_SurvivalGame-application/message.o
                0x0000000008004d40                get_data_len_dynamic_msg
 .text.log_queue_init
                0x0000000008004d44       0x2e build_SurvivalGame-application/log_queue.o
                0x0000000008004d44                log_queue_init
 .text.log_queue_len
                0x0000000008004d72        0x4 build_SurvivalGame-application/log_queue.o
                0x0000000008004d72                log_queue_len
 .text.log_queue_put
                0x0000000008004d76       0x5c build_SurvivalGame-application/log_queue.o
                0x0000000008004d76                log_queue_put
 .text.log_queue_get
                0x0000000008004dd2       0x30 build_SurvivalGame-application/log_queue.o
                0x0000000008004dd2                log_queue_get
 .text.fifo_init
                0x0000000008004e02       0x12 build_SurvivalGame-application/fifo.o
                0x0000000008004e02                fifo_init
 .text.fifo_availble
                0x0000000008004e14        0x4 build_SurvivalGame-application/fifo.o
                0x0000000008004e14                fifo_availble
 .text.fifo_is_full
                0x0000000008004e18        0xc build_SurvivalGame-application/fifo.o
                0x0000000008004e18                fifo_is_full
 .text.fifo_put
                0x0000000008004e24       0x54 build_SurvivalGame-application/fifo.o
                0x0000000008004e24                fifo_put
 .text.fifo_get
                0x0000000008004e78       0x50 build_SurvivalGame-application/fifo.o
                0x0000000008004e78                fifo_get
 .text.ring_buffer_char_init
                0x0000000008004ec8        0xc build_SurvivalGame-application/ring_buffer.o
                0x0000000008004ec8                ring_buffer_char_init
 .text.ring_buffer_char_is_empty
                0x0000000008004ed4        0xa build_SurvivalGame-application/ring_buffer.o
                0x0000000008004ed4                ring_buffer_char_is_empty
 .text.ring_buffer_char_put
                0x0000000008004ede       0x36 build_SurvivalGame-application/ring_buffer.o
                0x0000000008004ede                ring_buffer_char_put
 .text.ring_buffer_char_get
                0x0000000008004f14       0x26 build_SurvivalGame-application/ring_buffer.o
                0x0000000008004f14                ring_buffer_char_get
 .text.mem_read
                0x0000000008004f3a       0x18 build_SurvivalGame-application/utils.o
                0x0000000008004f3a                mem_read
 .text.mem_write
                0x0000000008004f52       0x1a build_SurvivalGame-application/utils.o
                0x0000000008004f52                mem_write
 *fill*         0x0000000008004f6c        0x4 
 .text.ilog10   0x0000000008004f70       0xd8 build_SurvivalGame-application/xprintf.o
 .text.i10x     0x0000000008005048       0x78 build_SurvivalGame-application/xprintf.o
 .text.xfputc   0x00000000080050c0       0x30 build_SurvivalGame-application/xprintf.o
                0x00000000080050c0                xfputc
 .text.xputc    0x00000000080050f0       0x10 build_SurvivalGame-application/xprintf.o
                0x00000000080050f0                xputc
 .text.xvfprintf
                0x0000000008005100      0x580 build_SurvivalGame-application/xprintf.o
 .text.xprintf  0x0000000008005680       0x24 build_SurvivalGame-application/xprintf.o
                0x0000000008005680                xprintf
 .text.xsprintf
                0x00000000080056a4       0x2c build_SurvivalGame-application/xprintf.o
                0x00000000080056a4                xsprintf
 .text.cmd_line_parser
                0x00000000080056d0       0x7c build_SurvivalGame-application/cmd_line.o
                0x00000000080056d0                cmd_line_parser
 .text.button_init
                0x000000000800574c       0x34 build_SurvivalGame-application/button.o
                0x000000000800574c                button_init
 .text.button_enable
                0x0000000008005780        0x6 build_SurvivalGame-application/button.o
                0x0000000008005780                button_enable
 .text.button_timer_polling
                0x0000000008005786       0x76 build_SurvivalGame-application/button.o
                0x0000000008005786                button_timer_polling
 .text.flash_wait_to_idle
                0x00000000080057fc       0x32 build_SurvivalGame-application/flash.o
 .text.flash_set_write_enable.constprop.0
                0x000000000800582e       0x14 build_SurvivalGame-application/flash.o
 .text.flash_is_connected
                0x0000000008005842       0x22 build_SurvivalGame-application/flash.o
                0x0000000008005842                flash_is_connected
 .text.flash_read
                0x0000000008005864       0x5e build_SurvivalGame-application/flash.o
                0x0000000008005864                flash_read
 .text.flash_write
                0x00000000080058c2       0x6c build_SurvivalGame-application/flash.o
                0x00000000080058c2                flash_write
 .text.flash_erase_sector
                0x000000000800592e       0x48 build_SurvivalGame-application/flash.o
                0x000000000800592e                flash_erase_sector
 .text.flash_erase_block_64k
                0x0000000008005976       0x46 build_SurvivalGame-application/flash.o
                0x0000000008005976                flash_erase_block_64k
 .text.led_init
                0x00000000080059bc       0x20 build_SurvivalGame-application/led.o
                0x00000000080059bc                led_init
 .text.led_on   0x00000000080059dc        0xc build_SurvivalGame-application/led.o
                0x00000000080059dc                led_on
 .text.led_off  0x00000000080059e8        0xc build_SurvivalGame-application/led.o
                0x00000000080059e8                led_off
 .text.led_toggle
                0x00000000080059f4       0x12 build_SurvivalGame-application/led.o
                0x00000000080059f4                led_toggle
 *fill*         0x0000000008005a06        0x2 
 .text.BUZZER_Init
                0x0000000008005a08       0xe0 build_SurvivalGame-application/buzzer.o
                0x0000000008005a08                BUZZER_Init
 .text.BUZZER_Disable
                0x0000000008005ae8       0x38 build_SurvivalGame-application/buzzer.o
                0x0000000008005ae8                BUZZER_Disable
 .text.BUZZER_Enable
                0x0000000008005b20       0x84 build_SurvivalGame-application/buzzer.o
                0x0000000008005b20                BUZZER_Enable
 .text.buzzer_irq
                0x0000000008005ba4       0x98 build_SurvivalGame-application/buzzer.o
                0x0000000008005ba4                buzzer_irq
 .text.BUZZER_PlayTones
                0x0000000008005c3c       0x1c build_SurvivalGame-application/buzzer.o
                0x0000000008005c3c                BUZZER_PlayTones
 .text.getModeBits
                0x0000000008005c58       0x30 build_SurvivalGame-application/qrcode.o
 .text.bb_appendBits
                0x0000000008005c88       0x58 build_SurvivalGame-application/qrcode.o
 .text.bb_setBit
                0x0000000008005ce0       0x28 build_SurvivalGame-application/qrcode.o
 .text.bb_getBit
                0x0000000008005d08       0x1a build_SurvivalGame-application/qrcode.o
 *fill*         0x0000000008005d22        0x2 
 .text.applyMask
                0x0000000008005d24      0x110 build_SurvivalGame-application/qrcode.o
 .text.setFunctionModule
                0x0000000008005e34       0x24 build_SurvivalGame-application/qrcode.o
 .text.drawFinderPattern
                0x0000000008005e58       0x8a build_SurvivalGame-application/qrcode.o
 .text.drawFormatBits
                0x0000000008005ee2      0x114 build_SurvivalGame-application/qrcode.o
 *fill*         0x0000000008005ff6        0x2 
 .text.getAlphanumeric
                0x0000000008005ff8       0x34 build_SurvivalGame-application/qrcode.o
 .text.qrcode_getBufferSize
                0x000000000800602c        0xe build_SurvivalGame-application/qrcode.o
                0x000000000800602c                qrcode_getBufferSize
 *fill*         0x000000000800603a        0x2 
 .text.qrcode_initBytes
                0x000000000800603c      0x9e0 build_SurvivalGame-application/qrcode.o
                0x000000000800603c                qrcode_initBytes
 .text.qrcode_initText
                0x0000000008006a1c       0x2e build_SurvivalGame-application/qrcode.o
                0x0000000008006a1c                qrcode_initText
 .text.qrcode_getModule
                0x0000000008006a4a       0x28 build_SurvivalGame-application/qrcode.o
                0x0000000008006a4a                qrcode_getModule
 *fill*         0x0000000008006a72        0x2 
 .text.sys_dbg_cpu_dump
                0x0000000008006a74       0x4c build_SurvivalGame-application/sys_dbg.o
                0x0000000008006a74                sys_dbg_cpu_dump
 .text.sys_dbg_stack_space_dump
                0x0000000008006ac0       0x30 build_SurvivalGame-application/sys_dbg.o
                0x0000000008006ac0                sys_dbg_stack_space_dump
 .text.sys_dbg_fatal
                0x0000000008006af0      0x3cc build_SurvivalGame-application/sys_dbg.o
                0x0000000008006af0                sys_dbg_fatal
 .text.sys_boot_init
                0x0000000008006ebc       0x14 build_SurvivalGame-application/sys_boot.o
                0x0000000008006ebc                sys_boot_init
 .text.sys_boot_get
                0x0000000008006ed0        0xc build_SurvivalGame-application/sys_boot.o
                0x0000000008006ed0                sys_boot_get
 .text.sys_boot_set
                0x0000000008006edc       0x34 build_SurvivalGame-application/sys_boot.o
                0x0000000008006edc                sys_boot_set
 .text.eMBExceptionToErrorcode
                0x0000000008006f10       0x14 build_SurvivalGame-application/mbutils.o
                0x0000000008006f10                eMBExceptionToErrorcode
 .text.bMBMIsHdlValid
                0x0000000008006f24       0x18 build_SurvivalGame-application/mbm.o
                0x0000000008006f24                bMBMIsHdlValid
 .text.vMBMMasterTransactionPolled
                0x0000000008006f3c       0xae build_SurvivalGame-application/mbm.o
                0x0000000008006f3c                vMBMMasterTransactionPolled
 .text.vMBMReadHoldingRegistersPolled
                0x0000000008006fea      0x136 build_SurvivalGame-application/mbmfuncholding.o
                0x0000000008006fea                vMBMReadHoldingRegistersPolled
 .text.eMBMReadHoldingRegisters
                0x0000000008007120       0x42 build_SurvivalGame-application/mbmfuncholding.o
                0x0000000008007120                eMBMReadHoldingRegisters
 .text.vMBMReadCoilsPolled
                0x0000000008007162      0x114 build_SurvivalGame-application/mbmfunccoils.o
                0x0000000008007162                vMBMReadCoilsPolled
 .text.eMBMReadCoils
                0x0000000008007276       0x42 build_SurvivalGame-application/mbmfunccoils.o
                0x0000000008007276                eMBMReadCoils
 .text.vMBMReadDiscreteInputsPolled
                0x00000000080072b8      0x114 build_SurvivalGame-application/mbmfuncdisc.o
                0x00000000080072b8                vMBMReadDiscreteInputsPolled
 .text.eMBMReadDiscreteInputs
                0x00000000080073cc       0x42 build_SurvivalGame-application/mbmfuncdisc.o
                0x00000000080073cc                eMBMReadDiscreteInputs
 .text.vMBMReadInputRegistersPolled
                0x000000000800740e      0x120 build_SurvivalGame-application/mbmfuncinput.o
                0x000000000800740e                vMBMReadInputRegistersPolled
 .text.eMBMReadInputRegisters
                0x000000000800752e       0x42 build_SurvivalGame-application/mbmfuncinput.o
                0x000000000800752e                eMBMReadInputRegisters
 .text.bMBPEventGet
                0x0000000008007570       0x34 build_SurvivalGame-application/mbportevent.o
                0x0000000008007570                bMBPEventGet
 .text.vMBPAssert
                0x00000000080075a4       0x1c build_SurvivalGame-application/mbportother.o
                0x00000000080075a4                vMBPAssert
 .text.vMBPEnterCritical
                0x00000000080075c0        0x4 build_SurvivalGame-application/mbportother.o
                0x00000000080075c0                vMBPEnterCritical
 .text.vMBPExitCritical
                0x00000000080075c4        0x4 build_SurvivalGame-application/mbportother.o
                0x00000000080075c4                vMBPExitCritical
 .text.vMBPUSART2ISR
                0x00000000080075c8       0xec build_SurvivalGame-application/mbportserial.o
                0x00000000080075c8                vMBPUSART2ISR
 .text.eMBPTimerStart
                0x00000000080076b4       0x2c build_SurvivalGame-application/mbporttimer.o
                0x00000000080076b4                eMBPTimerStart
 .text.eMBPTimerStop
                0x00000000080076e0       0x30 build_SurvivalGame-application/mbporttimer.o
                0x00000000080076e0                eMBPTimerStop
 .text.vMBPTimerISR
                0x0000000008007710       0x58 build_SurvivalGame-application/mbporttimer.o
                0x0000000008007710                vMBPTimerISR
 .text.GPIO_Init
                0x0000000008007768       0x78 build_SurvivalGame-application/stm32l1xx_gpio.o
                0x0000000008007768                GPIO_Init
 .text.GPIO_ReadInputDataBit
                0x00000000080077e0        0xc build_SurvivalGame-application/stm32l1xx_gpio.o
                0x00000000080077e0                GPIO_ReadInputDataBit
 .text.GPIO_SetBits
                0x00000000080077ec        0x4 build_SurvivalGame-application/stm32l1xx_gpio.o
                0x00000000080077ec                GPIO_SetBits
 .text.GPIO_ResetBits
                0x00000000080077f0        0x4 build_SurvivalGame-application/stm32l1xx_gpio.o
                0x00000000080077f0                GPIO_ResetBits
 .text.GPIO_PinAFConfig
                0x00000000080077f4       0x24 build_SurvivalGame-application/stm32l1xx_gpio.o
                0x00000000080077f4                GPIO_PinAFConfig
 .text.RCC_HSICmd
                0x0000000008007818        0xc build_SurvivalGame-application/stm32l1xx_rcc.o
                0x0000000008007818                RCC_HSICmd
 .text.RCC_GetClocksFreq
                0x0000000008007824       0x9c build_SurvivalGame-application/stm32l1xx_rcc.o
                0x0000000008007824                RCC_GetClocksFreq
 .text.RCC_AHBPeriphClockCmd
                0x00000000080078c0       0x18 build_SurvivalGame-application/stm32l1xx_rcc.o
                0x00000000080078c0                RCC_AHBPeriphClockCmd
 .text.RCC_APB2PeriphClockCmd
                0x00000000080078d8       0x18 build_SurvivalGame-application/stm32l1xx_rcc.o
                0x00000000080078d8                RCC_APB2PeriphClockCmd
 .text.RCC_APB1PeriphClockCmd
                0x00000000080078f0       0x18 build_SurvivalGame-application/stm32l1xx_rcc.o
                0x00000000080078f0                RCC_APB1PeriphClockCmd
 .text.RCC_APB2PeriphResetCmd
                0x0000000008007908       0x18 build_SurvivalGame-application/stm32l1xx_rcc.o
                0x0000000008007908                RCC_APB2PeriphResetCmd
 .text.RCC_APB1PeriphResetCmd
                0x0000000008007920       0x18 build_SurvivalGame-application/stm32l1xx_rcc.o
                0x0000000008007920                RCC_APB1PeriphResetCmd
 .text.RCC_GetFlagStatus
                0x0000000008007938       0x20 build_SurvivalGame-application/stm32l1xx_rcc.o
                0x0000000008007938                RCC_GetFlagStatus
 .text.USART_Init
                0x0000000008007958       0xa4 build_SurvivalGame-application/stm32l1xx_usart.o
                0x0000000008007958                USART_Init
 .text.USART_Cmd
                0x00000000080079fc       0x18 build_SurvivalGame-application/stm32l1xx_usart.o
                0x00000000080079fc                USART_Cmd
 .text.USART_SendData
                0x0000000008007a14        0x8 build_SurvivalGame-application/stm32l1xx_usart.o
                0x0000000008007a14                USART_SendData
 .text.USART_ReceiveData
                0x0000000008007a1c        0x8 build_SurvivalGame-application/stm32l1xx_usart.o
                0x0000000008007a1c                USART_ReceiveData
 .text.USART_ITConfig
                0x0000000008007a24       0x30 build_SurvivalGame-application/stm32l1xx_usart.o
                0x0000000008007a24                USART_ITConfig
 .text.USART_GetFlagStatus
                0x0000000008007a54        0xc build_SurvivalGame-application/stm32l1xx_usart.o
                0x0000000008007a54                USART_GetFlagStatus
 .text.USART_GetITStatus
                0x0000000008007a60       0x3e build_SurvivalGame-application/stm32l1xx_usart.o
                0x0000000008007a60                USART_GetITStatus
 .text.USART_ClearITPendingBit
                0x0000000008007a9e        0xe build_SurvivalGame-application/stm32l1xx_usart.o
                0x0000000008007a9e                USART_ClearITPendingBit
 .text.SPI_I2S_DeInit
                0x0000000008007aac       0x64 build_SurvivalGame-application/stm32l1xx_spi.o
                0x0000000008007aac                SPI_I2S_DeInit
 .text.SPI_Init
                0x0000000008007b10       0x3e build_SurvivalGame-application/stm32l1xx_spi.o
                0x0000000008007b10                SPI_Init
 .text.SPI_Cmd  0x0000000008007b4e       0x18 build_SurvivalGame-application/stm32l1xx_spi.o
                0x0000000008007b4e                SPI_Cmd
 .text.SPI_I2S_ReceiveData
                0x0000000008007b66        0x6 build_SurvivalGame-application/stm32l1xx_spi.o
                0x0000000008007b66                SPI_I2S_ReceiveData
 .text.SPI_I2S_SendData
                0x0000000008007b6c        0x4 build_SurvivalGame-application/stm32l1xx_spi.o
                0x0000000008007b6c                SPI_I2S_SendData
 .text.SPI_I2S_GetFlagStatus
                0x0000000008007b70        0xc build_SurvivalGame-application/stm32l1xx_spi.o
                0x0000000008007b70                SPI_I2S_GetFlagStatus
 .text.NVIC_PriorityGroupConfig
                0x0000000008007b7c       0x14 build_SurvivalGame-application/misc.o
                0x0000000008007b7c                NVIC_PriorityGroupConfig
 .text.NVIC_Init
                0x0000000008007b90       0x58 build_SurvivalGame-application/misc.o
                0x0000000008007b90                NVIC_Init
 .text.EXTI_GetFlagStatus
                0x0000000008007be8       0x14 build_SurvivalGame-application/stm32l1xx_exti.o
                0x0000000008007be8                EXTI_GetFlagStatus
 .text.EXTI_GetITStatus
                0x0000000008007bfc        0x4 build_SurvivalGame-application/stm32l1xx_exti.o
                0x0000000008007bfc                EXTI_GetITStatus
 .text.EXTI_ClearITPendingBit
                0x0000000008007c00        0xc build_SurvivalGame-application/stm32l1xx_exti.o
                0x0000000008007c00                EXTI_ClearITPendingBit
 .text.TIM_DeInit
                0x0000000008007c0c       0xe4 build_SurvivalGame-application/stm32l1xx_tim.o
                0x0000000008007c0c                TIM_DeInit
 .text.TIM_TimeBaseInit
                0x0000000008007cf0       0x58 build_SurvivalGame-application/stm32l1xx_tim.o
                0x0000000008007cf0                TIM_TimeBaseInit
 .text.TIM_ARRPreloadConfig
                0x0000000008007d48       0x18 build_SurvivalGame-application/stm32l1xx_tim.o
                0x0000000008007d48                TIM_ARRPreloadConfig
 .text.TIM_Cmd  0x0000000008007d60       0x18 build_SurvivalGame-application/stm32l1xx_tim.o
                0x0000000008007d60                TIM_Cmd
 .text.TIM_OC3Init
                0x0000000008007d78       0x3c build_SurvivalGame-application/stm32l1xx_tim.o
                0x0000000008007d78                TIM_OC3Init
 .text.TIM_OC3PreloadConfig
                0x0000000008007db4       0x10 build_SurvivalGame-application/stm32l1xx_tim.o
                0x0000000008007db4                TIM_OC3PreloadConfig
 .text.TIM_ITConfig
                0x0000000008007dc4       0x12 build_SurvivalGame-application/stm32l1xx_tim.o
                0x0000000008007dc4                TIM_ITConfig
 .text.TIM_GetITStatus
                0x0000000008007dd6       0x16 build_SurvivalGame-application/stm32l1xx_tim.o
                0x0000000008007dd6                TIM_GetITStatus
 .text.TIM_ClearITPendingBit
                0x0000000008007dec        0x8 build_SurvivalGame-application/stm32l1xx_tim.o
                0x0000000008007dec                TIM_ClearITPendingBit
 .text.ADC_Init
                0x0000000008007df4       0x4c build_SurvivalGame-application/stm32l1xx_adc.o
                0x0000000008007df4                ADC_Init
 .text.ADC_Cmd  0x0000000008007e40       0x12 build_SurvivalGame-application/stm32l1xx_adc.o
                0x0000000008007e40                ADC_Cmd
 *fill*         0x0000000008007e52        0x2 
 .text.ADC_TempSensorVrefintCmd
                0x0000000008007e54       0x18 build_SurvivalGame-application/stm32l1xx_adc.o
                0x0000000008007e54                ADC_TempSensorVrefintCmd
 .text.ADC_RegularChannelConfig
                0x0000000008007e6c      0x104 build_SurvivalGame-application/stm32l1xx_adc.o
                0x0000000008007e6c                ADC_RegularChannelConfig
 .text.ADC_SoftwareStartConv
                0x0000000008007f70        0xa build_SurvivalGame-application/stm32l1xx_adc.o
                0x0000000008007f70                ADC_SoftwareStartConv
 .text.ADC_GetConversionValue
                0x0000000008007f7a        0x6 build_SurvivalGame-application/stm32l1xx_adc.o
                0x0000000008007f7a                ADC_GetConversionValue
 .text.ADC_GetFlagStatus
                0x0000000008007f80        0xc build_SurvivalGame-application/stm32l1xx_adc.o
                0x0000000008007f80                ADC_GetFlagStatus
 .text.PWR_UltraLowPowerCmd
                0x0000000008007f8c        0xc build_SurvivalGame-application/stm32l1xx_pwr.o
                0x0000000008007f8c                PWR_UltraLowPowerCmd
 .text.PWR_EnterSTOPMode
                0x0000000008007f98       0x34 build_SurvivalGame-application/stm32l1xx_pwr.o
                0x0000000008007f98                PWR_EnterSTOPMode
 .text.FLASH_Lock
                0x0000000008007fcc       0x10 build_SurvivalGame-application/stm32l1xx_flash.o
                0x0000000008007fcc                FLASH_Lock
 .text.DATA_EEPROM_Unlock
                0x0000000008007fdc       0x20 build_SurvivalGame-application/stm32l1xx_flash.o
                0x0000000008007fdc                DATA_EEPROM_Unlock
 .text.FLASH_Unlock
                0x0000000008007ffc       0x2c build_SurvivalGame-application/stm32l1xx_flash.o
                0x0000000008007ffc                FLASH_Unlock
 .text.DATA_EEPROM_Lock
                0x0000000008008028       0x10 build_SurvivalGame-application/stm32l1xx_flash.o
                0x0000000008008028                DATA_EEPROM_Lock
 .text.FLASH_OB_Unlock
                0x0000000008008038       0x2c build_SurvivalGame-application/stm32l1xx_flash.o
                0x0000000008008038                FLASH_OB_Unlock
 .text.FLASH_OB_Launch
                0x0000000008008064       0x10 build_SurvivalGame-application/stm32l1xx_flash.o
                0x0000000008008064                FLASH_OB_Launch
 .text.FLASH_OB_GetBOR
                0x0000000008008074       0x10 build_SurvivalGame-application/stm32l1xx_flash.o
                0x0000000008008074                FLASH_OB_GetBOR
 .text.FLASH_ClearFlag
                0x0000000008008084        0xc build_SurvivalGame-application/stm32l1xx_flash.o
                0x0000000008008084                FLASH_ClearFlag
 .text.FLASH_GetStatus
                0x0000000008008090       0x28 build_SurvivalGame-application/stm32l1xx_flash.o
                0x0000000008008090                FLASH_GetStatus
 .text.FLASH_WaitForLastOperation
                0x00000000080080b8       0x3c build_SurvivalGame-application/stm32l1xx_flash.o
                0x00000000080080b8                FLASH_WaitForLastOperation
 .text.FLASH_ErasePage
                0x00000000080080f4       0x44 build_SurvivalGame-application/stm32l1xx_flash.o
                0x00000000080080f4                FLASH_ErasePage
 .text.FLASH_FastProgramWord
                0x0000000008008138       0x22 build_SurvivalGame-application/stm32l1xx_flash.o
                0x0000000008008138                FLASH_FastProgramWord
 .text.DATA_EEPROM_EraseWord
                0x000000000800815a       0x16 build_SurvivalGame-application/stm32l1xx_flash.o
                0x000000000800815a                DATA_EEPROM_EraseWord
 .text.DATA_EEPROM_FastProgramWord
                0x0000000008008170       0x30 build_SurvivalGame-application/stm32l1xx_flash.o
                0x0000000008008170                DATA_EEPROM_FastProgramWord
 .text.DATA_EEPROM_ProgramByte
                0x00000000080081a0       0x4c build_SurvivalGame-application/stm32l1xx_flash.o
                0x00000000080081a0                DATA_EEPROM_ProgramByte
 .text.FLASH_OB_BORConfig
                0x00000000080081ec       0x3c build_SurvivalGame-application/stm32l1xx_flash.o
                0x00000000080081ec                FLASH_OB_BORConfig
 .text.IWDG_WriteAccessCmd
                0x0000000008008228        0xc build_SurvivalGame-application/stm32l1xx_iwdg.o
                0x0000000008008228                IWDG_WriteAccessCmd
 .text.IWDG_SetPrescaler
                0x0000000008008234        0xc build_SurvivalGame-application/stm32l1xx_iwdg.o
                0x0000000008008234                IWDG_SetPrescaler
 .text.IWDG_SetReload
                0x0000000008008240        0xc build_SurvivalGame-application/stm32l1xx_iwdg.o
                0x0000000008008240                IWDG_SetReload
 .text.IWDG_ReloadCounter
                0x000000000800824c       0x10 build_SurvivalGame-application/stm32l1xx_iwdg.o
                0x000000000800824c                IWDG_ReloadCounter
 .text.IWDG_Enable
                0x000000000800825c       0x10 build_SurvivalGame-application/stm32l1xx_iwdg.o
                0x000000000800825c                IWDG_Enable
 .text.I2C_SendData
                0x000000000800826c        0x4 build_SurvivalGame-application/stm32l1xx_i2c.o
                0x000000000800826c                I2C_SendData
 .text.I2C_CheckEvent
                0x0000000008008270       0x18 build_SurvivalGame-application/stm32l1xx_i2c.o
                0x0000000008008270                I2C_CheckEvent
 .text.disable_interrupts
                0x0000000008008288       0x10 build_SurvivalGame-application/platform.o
                0x0000000008008288                disable_interrupts
 .text.entry_critical
                0x0000000008008298       0x14 build_SurvivalGame-application/platform.o
                0x0000000008008298                entry_critical
 .text.exit_critical
                0x00000000080082ac       0x30 build_SurvivalGame-application/platform.o
                0x00000000080082ac                exit_critical
 .text.default_handler
                0x00000000080082dc       0x1c build_SurvivalGame-application/system.o
                0x00000000080082dc                svc_handler
                0x00000000080082dc                default_handler
                0x00000000080082dc                dg_monitor_handler
                0x00000000080082dc                pendsv_handler
 .text.nmi_handler
                0x00000000080082f8       0x1c build_SurvivalGame-application/system.o
                0x00000000080082f8                nmi_handler
 .text.hard_fault_handler
                0x0000000008008314       0x1c build_SurvivalGame-application/system.o
                0x0000000008008314                hard_fault_handler
 .text.mem_manage_handler
                0x0000000008008330       0x1c build_SurvivalGame-application/system.o
                0x0000000008008330                mem_manage_handler
 .text.bus_fault_handler
                0x000000000800834c       0x1c build_SurvivalGame-application/system.o
                0x000000000800834c                bus_fault_handler
 .text.usage_fault_handler
                0x0000000008008368       0x1c build_SurvivalGame-application/system.o
                0x0000000008008368                usage_fault_handler
 .text.systick_handler
                0x0000000008008384       0x40 build_SurvivalGame-application/system.o
                0x0000000008008384                systick_handler
 .text.uart1_irq
                0x00000000080083c4       0x64 build_SurvivalGame-application/system.o
                0x00000000080083c4                uart1_irq
 .text.exti_line1_irq
                0x0000000008008428       0x1c build_SurvivalGame-application/system.o
                0x0000000008008428                exti_line1_irq
 .text.timer7_irq
                0x0000000008008444       0x24 build_SurvivalGame-application/system.o
                0x0000000008008444                timer7_irq
 .text.sys_ctrl_delay
                0x0000000008008468        0xc build_SurvivalGame-application/system.o
                0x0000000008008468                sys_ctrl_delay
 .text.sys_ctrl_millis
                0x0000000008008474       0x1c build_SurvivalGame-application/system.o
                0x0000000008008474                sys_ctrl_millis
 .text._init    0x0000000008008490        0x2 build_SurvivalGame-application/system.o
                0x0000000008008490                _init
 .text._fini    0x0000000008008492        0x2 build_SurvivalGame-application/system.o
                0x0000000008008492                _fini
 .text.sys_stack_count_init
                0x0000000008008494       0x3c build_SurvivalGame-application/system.o
                0x0000000008008494                sys_stack_count_init
 .text.reset_handler
                0x00000000080084d0       0xc8 build_SurvivalGame-application/system.o
                0x00000000080084d0                reset_handler
 .text.sys_stack_usage
                0x0000000008008598       0x20 build_SurvivalGame-application/system.o
                0x0000000008008598                sys_stack_usage
 .text.sys_stack_get_size
                0x00000000080085b8        0xc build_SurvivalGame-application/system.o
                0x00000000080085b8                sys_stack_get_size
 .text.sys_ctrl_shell_put_char_block
                0x00000000080085c4       0x2c build_SurvivalGame-application/sys_cfg.o
                0x00000000080085c4                sys_ctrl_shell_put_char_block
 .text.sys_cfg_clock
                0x00000000080085f0       0x22 build_SurvivalGame-application/sys_cfg.o
                0x00000000080085f0                sys_cfg_clock
 *fill*         0x0000000008008612        0x2 
 .text.sys_cfg_tick
                0x0000000008008614       0x50 build_SurvivalGame-application/sys_cfg.o
                0x0000000008008614                sys_cfg_tick
 .text.sys_cfg_svc
                0x0000000008008664       0x30 build_SurvivalGame-application/sys_cfg.o
                0x0000000008008664                sys_cfg_svc
 .text.sys_cfg_pendsv
                0x0000000008008694       0x34 build_SurvivalGame-application/sys_cfg.o
                0x0000000008008694                sys_cfg_pendsv
 .text.sys_cfg_update_info
                0x00000000080086c8      0x108 build_SurvivalGame-application/sys_cfg.o
                0x00000000080086c8                sys_cfg_update_info
 .text.sys_ctrl_shell_sw_to_block
                0x00000000080087d0       0x38 build_SurvivalGame-application/sys_cfg.o
                0x00000000080087d0                sys_ctrl_shell_sw_to_block
 .text.sys_cfg_console
                0x0000000008008808       0xd8 build_SurvivalGame-application/sys_cfg.o
                0x0000000008008808                sys_cfg_console
 .text.sys_ctrl_shell_get_char
                0x00000000080088e0       0x34 build_SurvivalGame-application/sys_cfg.o
                0x00000000080088e0                sys_ctrl_shell_get_char
 .text.sys_ctrl_reset
                0x0000000008008914       0x20 build_SurvivalGame-application/sys_cfg.o
                0x0000000008008914                sys_ctrl_reset
 .text.sys_ctrl_delay_us
                0x0000000008008934       0x58 build_SurvivalGame-application/sys_cfg.o
                0x0000000008008934                sys_ctrl_delay_us
 .text.sys_ctrl_delay_ms
                0x000000000800898c       0x1e build_SurvivalGame-application/sys_cfg.o
                0x000000000800898c                sys_ctrl_delay_ms
 *fill*         0x00000000080089aa        0x2 
 .text.sys_ctr_stop_mcu
                0x00000000080089ac       0xa8 build_SurvivalGame-application/sys_cfg.o
                0x00000000080089ac                sys_ctr_stop_mcu
 .text.sys_ctrl_independent_watchdog_init
                0x0000000008008a54       0x24 build_SurvivalGame-application/sys_cfg.o
                0x0000000008008a54                sys_ctrl_independent_watchdog_init
 .text.sys_ctrl_independent_watchdog_reset
                0x0000000008008a78       0x12 build_SurvivalGame-application/sys_cfg.o
                0x0000000008008a78                sys_ctrl_independent_watchdog_reset
 *fill*         0x0000000008008a8a        0x2 
 .text.sys_ctrl_soft_watchdog_init
                0x0000000008008a8c       0x68 build_SurvivalGame-application/sys_cfg.o
                0x0000000008008a8c                sys_ctrl_soft_watchdog_init
 .text.sys_ctrl_soft_watchdog_reset
                0x0000000008008af4       0x18 build_SurvivalGame-application/sys_cfg.o
                0x0000000008008af4                sys_ctrl_soft_watchdog_reset
 .text.sys_ctrl_soft_watchdog_increase_counter
                0x0000000008008b0c       0x40 build_SurvivalGame-application/sys_cfg.o
                0x0000000008008b0c                sys_ctrl_soft_watchdog_increase_counter
 .text.sys_ctrl_get_firmware_info
                0x0000000008008b4c       0x40 build_SurvivalGame-application/sys_cfg.o
                0x0000000008008b4c                sys_ctrl_get_firmware_info
 .text.task_irq_io_entry_trigger
                0x0000000008008b8c        0x2 build_SurvivalGame-application/sys_cfg.o
                0x0000000008008b8c                task_irq_io_entry_trigger
 .text.task_irq_io_exit_trigger
                0x0000000008008b8e        0x2 build_SurvivalGame-application/sys_cfg.o
                0x0000000008008b8e                task_irq_io_exit_trigger
 .text.io_button_mode_init
                0x0000000008008b90       0x28 build_SurvivalGame-application/io_cfg.o
                0x0000000008008b90                io_button_mode_init
 .text.io_button_up_init
                0x0000000008008bb8       0x28 build_SurvivalGame-application/io_cfg.o
                0x0000000008008bb8                io_button_up_init
 .text.io_button_down_init
                0x0000000008008be0       0x28 build_SurvivalGame-application/io_cfg.o
                0x0000000008008be0                io_button_down_init
 .text.io_button_mode_read
                0x0000000008008c08        0xc build_SurvivalGame-application/io_cfg.o
                0x0000000008008c08                io_button_mode_read
 .text.io_button_up_read
                0x0000000008008c14       0x10 build_SurvivalGame-application/io_cfg.o
                0x0000000008008c14                io_button_up_read
 .text.io_button_down_read
                0x0000000008008c24        0xc build_SurvivalGame-application/io_cfg.o
                0x0000000008008c24                io_button_down_read
 .text.led_life_init
                0x0000000008008c30       0x28 build_SurvivalGame-application/io_cfg.o
                0x0000000008008c30                led_life_init
 .text.led_life_on
                0x0000000008008c58       0x10 build_SurvivalGame-application/io_cfg.o
                0x0000000008008c58                led_life_on
 .text.led_life_off
                0x0000000008008c68       0x10 build_SurvivalGame-application/io_cfg.o
                0x0000000008008c68                led_life_off
 .text.flash_io_ctrl_init
                0x0000000008008c78       0x28 build_SurvivalGame-application/io_cfg.o
                0x0000000008008c78                flash_io_ctrl_init
 .text.flash_cs_low
                0x0000000008008ca0       0x10 build_SurvivalGame-application/io_cfg.o
                0x0000000008008ca0                flash_cs_low
 .text.flash_cs_high
                0x0000000008008cb0       0x10 build_SurvivalGame-application/io_cfg.o
                0x0000000008008cb0                flash_cs_high
 .text.flash_transfer
                0x0000000008008cc0       0x98 build_SurvivalGame-application/io_cfg.o
                0x0000000008008cc0                flash_transfer
 .text.io_cfg_adc1
                0x0000000008008d58       0x48 build_SurvivalGame-application/io_cfg.o
                0x0000000008008d58                io_cfg_adc1
 .text.adc_bat_io_cfg
                0x0000000008008da0       0x2c build_SurvivalGame-application/io_cfg.o
                0x0000000008008da0                adc_bat_io_cfg
 *fill*         0x0000000008008dcc        0x4 
 .text.sys_ctr_get_vbat_voltage
                0x0000000008008dd0       0x90 build_SurvivalGame-application/io_cfg.o
                0x0000000008008dd0                sys_ctr_get_vbat_voltage
 .text.sys_ctr_get_mcu_temperature
                0x0000000008008e60       0x6c build_SurvivalGame-application/io_cfg.o
                0x0000000008008e60                sys_ctr_get_mcu_temperature
 .text.oled_clk_input_mode
                0x0000000008008ecc       0x28 build_SurvivalGame-application/io_cfg.o
                0x0000000008008ecc                oled_clk_input_mode
 .text.oled_clk_output_mode
                0x0000000008008ef4       0x28 build_SurvivalGame-application/io_cfg.o
                0x0000000008008ef4                oled_clk_output_mode
 .text.oled_clk_digital_write_low
                0x0000000008008f1c       0x10 build_SurvivalGame-application/io_cfg.o
                0x0000000008008f1c                oled_clk_digital_write_low
 .text.oled_clk_digital_write_high
                0x0000000008008f2c       0x10 build_SurvivalGame-application/io_cfg.o
                0x0000000008008f2c                oled_clk_digital_write_high
 .text.oled_data_input_mode
                0x0000000008008f3c       0x28 build_SurvivalGame-application/io_cfg.o
                0x0000000008008f3c                oled_data_input_mode
 .text.oled_data_output_mode
                0x0000000008008f64       0x28 build_SurvivalGame-application/io_cfg.o
                0x0000000008008f64                oled_data_output_mode
 .text.oled_data_digital_write_low
                0x0000000008008f8c       0x10 build_SurvivalGame-application/io_cfg.o
                0x0000000008008f8c                oled_data_digital_write_low
 .text.oled_data_digital_write_high
                0x0000000008008f9c       0x10 build_SurvivalGame-application/io_cfg.o
                0x0000000008008f9c                oled_data_digital_write_high
 .text.oled_res_input_mode
                0x0000000008008fac       0x28 build_SurvivalGame-application/io_cfg.o
                0x0000000008008fac                oled_res_input_mode
 .text.oled_res_output_mode
                0x0000000008008fd4       0x28 build_SurvivalGame-application/io_cfg.o
                0x0000000008008fd4                oled_res_output_mode
 .text.oled_res_digital_write_low
                0x0000000008008ffc       0x10 build_SurvivalGame-application/io_cfg.o
                0x0000000008008ffc                oled_res_digital_write_low
 .text.oled_res_digital_write_high
                0x000000000800900c       0x10 build_SurvivalGame-application/io_cfg.o
                0x000000000800900c                oled_res_digital_write_high
 .text.io_eeprom_read
                0x000000000800901c       0x34 build_SurvivalGame-application/io_cfg.o
                0x000000000800901c                io_eeprom_read
 .text.io_eeprom_erase
                0x0000000008009050       0x4c build_SurvivalGame-application/io_cfg.o
                0x0000000008009050                io_eeprom_erase
 .text.internal_flash_unlock
                0x000000000800909c       0x12 build_SurvivalGame-application/io_cfg.o
                0x000000000800909c                internal_flash_unlock
 .text.internal_flash_lock
                0x00000000080090ae        0x4 build_SurvivalGame-application/io_cfg.o
                0x00000000080090ae                internal_flash_lock
 .text.internal_flash_erase_pages_cal
                0x00000000080090b2       0x24 build_SurvivalGame-application/io_cfg.o
                0x00000000080090b2                internal_flash_erase_pages_cal
 .text.internal_flash_write_cal
                0x00000000080090d6       0x48 build_SurvivalGame-application/io_cfg.o
                0x00000000080090d6                internal_flash_write_cal
 *fill*         0x000000000800911e        0x2 
 .text.io_uart2_cfg
                0x0000000008009120       0xbc build_SurvivalGame-application/io_cfg.o
                0x0000000008009120                io_uart2_cfg
 .text.io_rs485_dir_low
                0x00000000080091dc        0xc build_SurvivalGame-application/io_cfg.o
                0x00000000080091dc                io_rs485_dir_low
 .text.SystemInit
                0x00000000080091e8      0x114 build_SurvivalGame-application/system_stm32l1xx.o
                0x00000000080091e8                SystemInit
 .text.SystemCoreClockUpdate
                0x00000000080092fc       0x88 build_SurvivalGame-application/system_stm32l1xx.o
                0x00000000080092fc                SystemCoreClockUpdate
 .text._Z27scr_es35sw_th_sensor_handleP8ak_msg_t
                0x0000000008009384       0xd4 build_SurvivalGame-application/scr_es35sw_th_sensor.o
                0x0000000008009384                scr_es35sw_th_sensor_handle(ak_msg_t*)
 .text._ZL25view_scr_es35sw_th_sensorv
                0x0000000008009458      0x16c build_SurvivalGame-application/scr_es35sw_th_sensor.o
 .text._ZL13view_scr_idlev
                0x00000000080095c4       0x34 build_SurvivalGame-application/scr_idle.o
 .text._ZN4ballC2Ev
                0x00000000080095f8       0x5e build_SurvivalGame-application/scr_idle.o
                0x00000000080095f8                ball::ball()
                0x00000000080095f8                ball::ball()
 *fill*         0x0000000008009656        0x2 
 .text._ZNSt6vectorI4ballSaIS0_EE17_M_realloc_insertIJRKS0_EEEvN9__gnu_cxx17__normal_iteratorIPS0_S2_EEDpOT_
                0x0000000008009658      0x110 build_SurvivalGame-application/scr_idle.o
                0x0000000008009658                void std::vector<ball, std::allocator<ball> >::_M_realloc_insert<ball const&>(__gnu_cxx::__normal_iterator<ball*, std::vector<ball, std::allocator<ball> > >, ball const&)
 .text._ZNSt6vectorI4ballSaIS0_EE9push_backERKS0_
                0x0000000008009768       0x2c build_SurvivalGame-application/scr_idle.o
                0x0000000008009768                std::vector<ball, std::allocator<ball> >::push_back(ball const&)
 .text._Z15scr_idle_handleP8ak_msg_t
                0x0000000008009794      0x1a0 build_SurvivalGame-application/scr_idle.o
                0x0000000008009794                scr_idle_handle(ak_msg_t*)
 .text.startup._GLOBAL__sub_I_dyn_view_idle
                0x0000000008009934       0x10 build_SurvivalGame-application/scr_idle.o
 .text.exit._GLOBAL__sub_D_dyn_view_idle
                0x0000000008009944       0x10 build_SurvivalGame-application/scr_idle.o
 .text._Z15scr_info_handleP8ak_msg_t
                0x0000000008009954       0x60 build_SurvivalGame-application/scr_info.o
                0x0000000008009954                scr_info_handle(ak_msg_t*)
 .text._ZL13view_scr_infov
                0x00000000080099b4       0x78 build_SurvivalGame-application/scr_info.o
 .text._Z28scr_lhio404_io_device_handleP8ak_msg_t
                0x0000000008009a2c       0xcc build_SurvivalGame-application/scr_lhio404_io_device.o
                0x0000000008009a2c                scr_lhio404_io_device_handle(ak_msg_t*)
 .text._ZL26view_scr_lhio404_io_devicev
                0x0000000008009af8      0x140 build_SurvivalGame-application/scr_lhio404_io_device.o
 .text._ZL16view_scr_startupv
                0x0000000008009c38       0x94 build_SurvivalGame-application/scr_startup.o
 .text._Z18scr_startup_handleP8ak_msg_t
                0x0000000008009ccc       0x8c build_SurvivalGame-application/scr_startup.o
                0x0000000008009ccc                scr_startup_handle(ak_msg_t*)
 .text._Z21scr_peashooter_handleP8ak_msg_t
                0x0000000008009d58       0x18 build_SurvivalGame-application/scr_peashooter.o
                0x0000000008009d58                scr_peashooter_handle(ak_msg_t*)
 .text._Z11task_systemP8ak_msg_t
                0x0000000008009d70       0x44 build_SurvivalGame-application/task_system.o
                0x0000000008009d70                task_system(ak_msg_t*)
 .text.main_app
                0x0000000008009db4      0x1bc build_SurvivalGame-application/app.o
                0x0000000008009db4                main_app
 .text._Z20task_polling_consolev
                0x0000000008009f70       0xd8 build_SurvivalGame-application/app.o
                0x0000000008009f70                task_polling_console()
 .text.sys_irq_timer_10ms
                0x000000000800a048       0x24 build_SurvivalGame-application/app.o
                0x000000000800a048                sys_irq_timer_10ms
 .text._Z17btn_mode_callbackPv
                0x000000000800a06c       0x3c build_SurvivalGame-application/app_bsp.o
                0x000000000800a06c                btn_mode_callback(void*)
 .text._Z15btn_up_callbackPv
                0x000000000800a0a8       0x3c build_SurvivalGame-application/app_bsp.o
                0x000000000800a0a8                btn_up_callback(void*)
 .text._Z17btn_down_callbackPv
                0x000000000800a0e4       0x3c build_SurvivalGame-application/app_bsp.o
                0x000000000800a0e4                btn_down_callback(void*)
 .text._Z22updateDataModbusDeviceP21ModbusDeviceStructure
                0x000000000800a120       0xc4 build_SurvivalGame-application/app_modbus_pull.o
                0x000000000800a120                updateDataModbusDevice(ModbusDeviceStructure*)
 .text._ZL19str_parser_get_attrh
                0x000000000800a1e4       0x1c build_SurvivalGame-application/shell.o
 .text._Z9shell_sttPh
                0x000000000800a200        0x4 build_SurvivalGame-application/shell.o
                0x000000000800a200                shell_stt(unsigned char*)
 .text._Z9shell_psvPh
                0x000000000800a204       0x14 build_SurvivalGame-application/shell.o
                0x000000000800a204                shell_psv(unsigned char*)
 .text._Z11shell_resetPh
                0x000000000800a218       0x10 build_SurvivalGame-application/shell.o
                0x000000000800a218                shell_reset(unsigned char*)
 .text._Z10shell_helpPh
                0x000000000800a228       0x30 build_SurvivalGame-application/shell.o
                0x000000000800a228                shell_help(unsigned char*)
 .text._Z9shell_verPh
                0x000000000800a258      0x118 build_SurvivalGame-application/shell.o
                0x000000000800a258                shell_ver(unsigned char*)
 .text._Z12shell_rebootPh
                0x000000000800a370       0x10 build_SurvivalGame-application/shell.o
                0x000000000800a370                shell_reboot(unsigned char*)
 .text._ZL10str_parserPc
                0x000000000800a380       0x60 build_SurvivalGame-application/shell.o
 .text._Z11shell_fatalPh
                0x000000000800a3e0      0x2f4 build_SurvivalGame-application/shell.o
                0x000000000800a3e0                shell_fatal(unsigned char*)
 .text._Z11shell_flashPh
                0x000000000800a6d4      0x150 build_SurvivalGame-application/shell.o
                0x000000000800a6d4                shell_flash(unsigned char*)
 .text._Z9shell_epsPh
                0x000000000800a824       0xd0 build_SurvivalGame-application/shell.o
                0x000000000800a824                shell_eps(unsigned char*)
 .text._Z9shell_ramPh
                0x000000000800a8f4      0x20c build_SurvivalGame-application/shell.o
                0x000000000800a8f4                shell_ram(unsigned char*)
 .text._Z10shell_bootPh
                0x000000000800ab00       0xdc build_SurvivalGame-application/shell.o
                0x000000000800ab00                shell_boot(unsigned char*)
 .text._Z9shell_fwuPh
                0x000000000800abdc       0x34 build_SurvivalGame-application/shell.o
                0x000000000800abdc                shell_fwu(unsigned char*)
 .text._Z12shell_buzzerPh
                0x000000000800ac10       0x88 build_SurvivalGame-application/shell.o
                0x000000000800ac10                shell_buzzer(unsigned char*)
 .text._Z9shell_dbgPh
                0x000000000800ac98       0x38 build_SurvivalGame-application/shell.o
                0x000000000800ac98                shell_dbg(unsigned char*)
 .text._Z12shell_modbusPh
                0x000000000800acd0       0xe0 build_SurvivalGame-application/shell.o
                0x000000000800acd0                shell_modbus(unsigned char*)
 .text._Z9shell_epiPh
                0x000000000800adb0        0x4 build_SurvivalGame-application/shell.o
                0x000000000800adb0                shell_epi(unsigned char*)
 .text._Z9shell_lcdPh
                0x000000000800adb4      0x15c build_SurvivalGame-application/shell.o
                0x000000000800adb4                shell_lcd(unsigned char*)
 .text.sys_irq_shell
                0x000000000800af10       0x2c build_SurvivalGame-application/task_shell.o
                0x000000000800af10                sys_irq_shell
 .text._Z10task_shellP8ak_msg_t
                0x000000000800af3c       0x7c build_SurvivalGame-application/task_shell.o
                0x000000000800af3c                task_shell(ak_msg_t*)
 .text._Z9task_lifeP8ak_msg_t
                0x000000000800afb8       0x20 build_SurvivalGame-application/task_life.o
                0x000000000800afb8                task_life(ak_msg_t*)
 .text._Z7task_fwP8ak_msg_t
                0x000000000800afd8      0x490 build_SurvivalGame-application/task_fw.o
                0x000000000800afd8                task_fw(ak_msg_t*)
 .text._Z12task_displayP8ak_msg_t
                0x000000000800b468        0x4 build_SurvivalGame-application/task_display.o
                0x000000000800b468                task_display(ak_msg_t*)
 .text._Z7task_ifP8ak_msg_t
                0x000000000800b46c       0xe4 build_SurvivalGame-application/task_if.o
                0x000000000800b46c                task_if(ak_msg_t*)
 .text._Z12task_uart_ifP8ak_msg_t
                0x000000000800b550       0xc4 build_SurvivalGame-application/task_uart_if.o
                0x000000000800b550                task_uart_if(ak_msg_t*)
 .text._ZL19view_render_dynamicPv
                0x000000000800b614        0xa build_SurvivalGame-application/view_render.o
 *fill*         0x000000000800b61e        0x2 
 .text._Z22view_render_display_onv
                0x000000000800b620        0xc build_SurvivalGame-application/view_render.o
                0x000000000800b620                view_render_display_on()
 .text.startup._GLOBAL__sub_I_view_render
                0x000000000800b62c        0xc build_SurvivalGame-application/view_render.o
 .text.exit._GLOBAL__sub_D_view_render
                0x000000000800b638        0xc build_SurvivalGame-application/view_render.o
 .text._Z18view_render_screenP13view_screen_t
                0x000000000800b644       0x68 build_SurvivalGame-application/view_render.o
                0x000000000800b644                view_render_screen(view_screen_t*)
 .text._ZL21view_render_rectanglePv
                0x000000000800b6ac       0xe8 build_SurvivalGame-application/view_render.o
 .text._Z12scr_mng_ctorP9scr_mng_tPFvP8ak_msg_tEP13view_screen_t
                0x000000000800b794       0x20 build_SurvivalGame-application/screen_manager.o
                0x000000000800b794                scr_mng_ctor(scr_mng_t*, void (*)(ak_msg_t*), view_screen_t*)
 .text._Z16scr_mng_dispatchP8ak_msg_t
                0x000000000800b7b4       0x48 build_SurvivalGame-application/screen_manager.o
                0x000000000800b7b4                scr_mng_dispatch(ak_msg_t*)
 .text._Z12scr_mng_tranPFvP8ak_msg_tEP13view_screen_t
                0x000000000800b7fc       0x44 build_SurvivalGame-application/screen_manager.o
                0x000000000800b7fc                scr_mng_tran(void (*)(ak_msg_t*), view_screen_t*)
 .text._ZN12Adafruit_GFX8drawLineEsssst
                0x000000000800b840       0xbe build_SurvivalGame-application/Adafruit_GFX.o
                0x000000000800b840                Adafruit_GFX::drawLine(short, short, short, short, unsigned short)
 .text._ZN12Adafruit_GFX8drawRectEsssst
                0x000000000800b8fe       0x68 build_SurvivalGame-application/Adafruit_GFX.o
                0x000000000800b8fe                Adafruit_GFX::drawRect(short, short, short, short, unsigned short)
 .text._ZN12Adafruit_GFX13drawFastVLineEssst
                0x000000000800b966       0x1c build_SurvivalGame-application/Adafruit_GFX.o
                0x000000000800b966                Adafruit_GFX::drawFastVLine(short, short, short, unsigned short)
 .text._ZN12Adafruit_GFX13drawFastHLineEssst
                0x000000000800b982       0x1a build_SurvivalGame-application/Adafruit_GFX.o
                0x000000000800b982                Adafruit_GFX::drawFastHLine(short, short, short, unsigned short)
 .text._ZN12Adafruit_GFX8fillRectEsssst
                0x000000000800b99c       0x38 build_SurvivalGame-application/Adafruit_GFX.o
                0x000000000800b99c                Adafruit_GFX::fillRect(short, short, short, short, unsigned short)
 .text._ZN12Adafruit_GFX10fillScreenEt
                0x000000000800b9d4       0x1c build_SurvivalGame-application/Adafruit_GFX.o
                0x000000000800b9d4                Adafruit_GFX::fillScreen(unsigned short)
 .text._ZN12Adafruit_GFXC2Ess
                0x000000000800b9f0       0x28 build_SurvivalGame-application/Adafruit_GFX.o
                0x000000000800b9f0                Adafruit_GFX::Adafruit_GFX(short, short)
                0x000000000800b9f0                Adafruit_GFX::Adafruit_GFX(short, short)
 .text._ZN12Adafruit_GFX10drawCircleEssst
                0x000000000800ba18      0x172 build_SurvivalGame-application/Adafruit_GFX.o
                0x000000000800ba18                Adafruit_GFX::drawCircle(short, short, short, unsigned short)
 .text._ZN12Adafruit_GFX16fillCircleHelperEssshst
                0x000000000800bb8a      0x124 build_SurvivalGame-application/Adafruit_GFX.o
                0x000000000800bb8a                Adafruit_GFX::fillCircleHelper(short, short, short, unsigned char, short, unsigned short)
 .text._ZN12Adafruit_GFX13fillRoundRectEssssst
                0x000000000800bcae       0x88 build_SurvivalGame-application/Adafruit_GFX.o
                0x000000000800bcae                Adafruit_GFX::fillRoundRect(short, short, short, short, short, unsigned short)
 .text._ZN12Adafruit_GFX10drawBitmapEssPKhsst
                0x000000000800bd36       0x92 build_SurvivalGame-application/Adafruit_GFX.o
                0x000000000800bd36                Adafruit_GFX::drawBitmap(short, short, unsigned char const*, short, short, unsigned short)
 .text._ZN12Adafruit_GFX8drawCharEsshtth
                0x000000000800bdc8      0x108 build_SurvivalGame-application/Adafruit_GFX.o
                0x000000000800bdc8                Adafruit_GFX::drawChar(short, short, unsigned char, unsigned short, unsigned short, unsigned char)
 .text._ZN12Adafruit_GFX5writeEh
                0x000000000800bed0       0x64 build_SurvivalGame-application/Adafruit_GFX.o
                0x000000000800bed0                Adafruit_GFX::write(unsigned char)
 .text._ZN12Adafruit_GFX9setCursorEss
                0x000000000800bf34        0x6 build_SurvivalGame-application/Adafruit_GFX.o
                0x000000000800bf34                Adafruit_GFX::setCursor(short, short)
 .text._ZN12Adafruit_GFX11setTextSizeEh
                0x000000000800bf3a        0xa build_SurvivalGame-application/Adafruit_GFX.o
                0x000000000800bf3a                Adafruit_GFX::setTextSize(unsigned char)
 .text._ZN12Adafruit_GFX12setTextColorEt
                0x000000000800bf44        0x6 build_SurvivalGame-application/Adafruit_GFX.o
                0x000000000800bf44                Adafruit_GFX::setTextColor(unsigned short)
 .text._ZN12Adafruit_GFX5widthEv
                0x000000000800bf4a        0x6 build_SurvivalGame-application/Adafruit_GFX.o
                0x000000000800bf4a                Adafruit_GFX::width()
 .text._ZN12Adafruit_GFX6heightEv
                0x000000000800bf50        0x6 build_SurvivalGame-application/Adafruit_GFX.o
                0x000000000800bf50                Adafruit_GFX::height()
 .text._ZN17Adafruit_oled_drv9updateRowEii
                0x000000000800bf56       0x1e build_SurvivalGame-application/Adafruit_oled_drv.o
                0x000000000800bf56                Adafruit_oled_drv::updateRow(int, int)
 .text._ZN17Adafruit_oled_drv9drawPixelEsst
                0x000000000800bf74       0x52 build_SurvivalGame-application/Adafruit_oled_drv.o
                0x000000000800bf74                Adafruit_oled_drv::drawPixel(short, short, unsigned short)
 *fill*         0x000000000800bfc6        0x2 
 .text._ZN17Adafruit_oled_drvC2Ev
                0x000000000800bfc8       0x28 build_SurvivalGame-application/Adafruit_oled_drv.o
                0x000000000800bfc8                Adafruit_oled_drv::Adafruit_oled_drv()
                0x000000000800bfc8                Adafruit_oled_drv::Adafruit_oled_drv()
 .text._ZN17Adafruit_oled_drvD2Ev
                0x000000000800bff0        0x2 build_SurvivalGame-application/Adafruit_oled_drv.o
                0x000000000800bff0                Adafruit_oled_drv::~Adafruit_oled_drv()
                0x000000000800bff0                Adafruit_oled_drv::~Adafruit_oled_drv()
 .text._ZN17Adafruit_oled_drv5clearEb
                0x000000000800bff2       0x22 build_SurvivalGame-application/Adafruit_oled_drv.o
                0x000000000800bff2                Adafruit_oled_drv::clear(bool)
 .text._ZN17Adafruit_oled_drv9writeByteEh
                0x000000000800c014       0x54 build_SurvivalGame-application/Adafruit_oled_drv.o
                0x000000000800c014                Adafruit_oled_drv::writeByte(unsigned char)
 .text._ZN17Adafruit_oled_drv8startIICEv
                0x000000000800c068       0x2c build_SurvivalGame-application/Adafruit_oled_drv.o
                0x000000000800c068                Adafruit_oled_drv::startIIC()
 .text._ZN17Adafruit_oled_drv7stopIICEv
                0x000000000800c094       0x2c build_SurvivalGame-application/Adafruit_oled_drv.o
                0x000000000800c094                Adafruit_oled_drv::stopIIC()
 .text._ZN17Adafruit_oled_drv12writeCommandEh
                0x000000000800c0c0       0x2c build_SurvivalGame-application/Adafruit_oled_drv.o
                0x000000000800c0c0                Adafruit_oled_drv::writeCommand(unsigned char)
 .text._ZN17Adafruit_oled_drv10initializeEv
                0x000000000800c0ec      0x120 build_SurvivalGame-application/Adafruit_oled_drv.o
                0x000000000800c0ec                Adafruit_oled_drv::initialize()
 .text._ZN17Adafruit_oled_drv10display_onEv
                0x000000000800c20c        0x6 build_SurvivalGame-application/Adafruit_oled_drv.o
                0x000000000800c20c                Adafruit_oled_drv::display_on()
 .text._ZN17Adafruit_oled_drv11display_offEv
                0x000000000800c212        0x6 build_SurvivalGame-application/Adafruit_oled_drv.o
                0x000000000800c212                Adafruit_oled_drv::display_off()
 .text._ZN17Adafruit_oled_drv17startDataSequenceEv
                0x000000000800c218       0x1c build_SurvivalGame-application/Adafruit_oled_drv.o
                0x000000000800c218                Adafruit_oled_drv::startDataSequence()
 .text._ZN17Adafruit_oled_drv6updateEv
                0x000000000800c234       0x4e build_SurvivalGame-application/Adafruit_oled_drv.o
                0x000000000800c234                Adafruit_oled_drv::update()
 .text._ZN17Adafruit_oled_drv9updateRowEi
                0x000000000800c282       0x6c build_SurvivalGame-application/Adafruit_oled_drv.o
                0x000000000800c282                Adafruit_oled_drv::updateRow(int)
 .text.eeprom_read
                0x000000000800c2ee        0x4 build_SurvivalGame-application/eeprom.o
                0x000000000800c2ee                eeprom_read
 .text.eeprom_erase
                0x000000000800c2f2        0x4 build_SurvivalGame-application/eeprom.o
                0x000000000800c2f2                eeprom_erase
 .text._ZL19link_hal_write_byteh
                0x000000000800c2f6        0x2 build_SurvivalGame-application/link_hal.o
 .text._ZL17link_hal_rev_byteh
                0x000000000800c2f8        0x4 build_SurvivalGame-application/link_hal.o
 .text._Z23link_hal_reg_write_bytePFhhE
                0x000000000800c2fc       0x28 build_SurvivalGame-application/link_hal.o
                0x000000000800c2fc                link_hal_reg_write_byte(unsigned char (*)(unsigned char))
 .text._Z21link_hal_reg_rev_bytePFhhE
                0x000000000800c324       0x28 build_SurvivalGame-application/link_hal.o
                0x000000000800c324                link_hal_reg_rev_byte(unsigned char (*)(unsigned char))
 .text._ZL21fsm_link_state_handleP8ak_msg_t
                0x000000000800c34c      0x2b0 build_SurvivalGame-application/link.o
 .text._ZL19fsm_link_state_initP8ak_msg_t
                0x000000000800c5fc       0x80 build_SurvivalGame-application/link.o
 .text._Z9task_linkP8ak_msg_t
                0x000000000800c67c        0xc build_SurvivalGame-application/link.o
                0x000000000800c67c                task_link(ak_msg_t*)
 .text._Z23link_init_state_machinev
                0x000000000800c688       0x2c build_SurvivalGame-application/link.o
                0x000000000800c688                link_init_state_machine()
 .text._ZL23link_mac_frame_send_reqv
                0x000000000800c6b4       0x3c build_SurvivalGame-application/link_mac.o
 .text._ZL23link_mac_frame_send_endv
                0x000000000800c6f0       0x34 build_SurvivalGame-application/link_mac.o
 .text._ZL28link_mac_frame_cals_checksumP16link_mac_frame_t.constprop.0
                0x000000000800c724       0x38 build_SurvivalGame-application/link_mac.o
 .text._Z25fsm_link_mac_state_handleP8ak_msg_t
                0x000000000800c75c      0x2b8 build_SurvivalGame-application/link_mac.o
                0x000000000800c75c                fsm_link_mac_state_handle(ak_msg_t*)
 .text._Z13task_link_macP8ak_msg_t
                0x000000000800ca14        0xc build_SurvivalGame-application/link_mac.o
                0x000000000800ca14                task_link_mac(ak_msg_t*)
 .text._Z23fsm_link_mac_state_initP8ak_msg_t
                0x000000000800ca20       0x88 build_SurvivalGame-application/link_mac.o
                0x000000000800ca20                fsm_link_mac_state_init(ak_msg_t*)
 .text._ZL26link_phy_frame_write_blockPhm
                0x000000000800caa8       0x1c build_SurvivalGame-application/link_phy.o
 .text._ZL20link_phy_frame_writeP16link_phy_frame_t
                0x000000000800cac4       0x1c build_SurvivalGame-application/link_phy.o
 .text._ZL28link_phy_frame_cals_checksumP16link_phy_frame_t
                0x000000000800cae0       0x38 build_SurvivalGame-application/link_phy.o
 .text._ZL25link_phy_frame_write_byteh
                0x000000000800cb18        0xc build_SurvivalGame-application/link_phy.o
 .text._ZL26ac_link_phy_frame_rev_byteh
                0x000000000800cb24      0x100 build_SurvivalGame-application/link_phy.o
 .text._ZL19link_phy_frame_sendv
                0x000000000800cc24       0x2c build_SurvivalGame-application/link_phy.o
 .text._Z25fsm_link_phy_state_handleP8ak_msg_t
                0x000000000800cc50      0x1f0 build_SurvivalGame-application/link_phy.o
                0x000000000800cc50                fsm_link_phy_state_handle(ak_msg_t*)
 .text._Z13task_link_phyP8ak_msg_t
                0x000000000800ce40        0xc build_SurvivalGame-application/link_phy.o
                0x000000000800ce40                task_link_phy(ak_msg_t*)
 .text._Z23fsm_link_phy_state_initP8ak_msg_t
                0x000000000800ce4c       0x90 build_SurvivalGame-application/link_phy.o
                0x000000000800ce4c                fsm_link_phy_state_init(ak_msg_t*)
 .text._Z26link_phy_get_send_frame_tov
                0x000000000800cedc       0x10 build_SurvivalGame-application/link_phy.o
                0x000000000800cedc                link_phy_get_send_frame_to()
 .text._Z13link_pdu_initv
                0x000000000800ceec       0x54 build_SurvivalGame-application/link_data.o
                0x000000000800ceec                link_pdu_init()
 .text._Z15link_pdu_mallocv
                0x000000000800cf40       0x24 build_SurvivalGame-application/link_data.o
                0x000000000800cf40                link_pdu_malloc()
 .text._Z12link_pdu_getm
                0x000000000800cf64       0x3c build_SurvivalGame-application/link_data.o
                0x000000000800cf64                link_pdu_get(unsigned long)
 .text._Z13link_pdu_freem
                0x000000000800cfa0       0x4c build_SurvivalGame-application/link_data.o
                0x000000000800cfa0                link_pdu_free(unsigned long)
 .text._Z17link_get_src_addrv
                0x000000000800cfec       0x18 build_SurvivalGame-application/link_data.o
                0x000000000800cfec                link_get_src_addr()
 .text._Z17link_get_des_addrv
                0x000000000800d004       0x18 build_SurvivalGame-application/link_data.o
                0x000000000800d004                link_get_des_addr()
 .text._Z7pinModehh
                0x000000000800d01c       0x84 build_SurvivalGame-application/wiring_digital.o
                0x000000000800d01c                pinMode(unsigned char, unsigned char)
 .text._Z12digitalWritehh
                0x000000000800d0a0       0x78 build_SurvivalGame-application/wiring_digital.o
                0x000000000800d0a0                digitalWrite(unsigned char, unsigned char)
 .text._ZN5Print5writeEPKhj
                0x000000000800d118       0x22 build_SurvivalGame-application/Print.o
                0x000000000800d118                Print::write(unsigned char const*, unsigned int)
 .text._ZN5Print5writeEPKc
                0x000000000800d13a       0x20 build_SurvivalGame-application/Print.o
                0x000000000800d13a                Print::write(char const*)
 .text._ZN5Print5printEPKc
                0x000000000800d15a        0x8 build_SurvivalGame-application/Print.o
                0x000000000800d15a                Print::print(char const*)
 .text._ZN14HardwareSerial9availableEv
                0x000000000800d162        0xa build_SurvivalGame-application/HardwareSerial.o
                0x000000000800d162                HardwareSerial::available()
 .text._ZN14HardwareSerial4peekEv
                0x000000000800d16c       0x14 build_SurvivalGame-application/HardwareSerial.o
                0x000000000800d16c                HardwareSerial::peek()
 .text._ZN14HardwareSerial4readEv
                0x000000000800d180       0x20 build_SurvivalGame-application/HardwareSerial.o
                0x000000000800d180                HardwareSerial::read()
 .text._ZN14HardwareSerial5flushEv
                0x000000000800d1a0        0x2 build_SurvivalGame-application/HardwareSerial.o
                0x000000000800d1a0                HardwareSerial::flush()
 .text._ZN14HardwareSerial17availableForWriteEv
                0x000000000800d1a2       0x26 build_SurvivalGame-application/HardwareSerial.o
                0x000000000800d1a2                HardwareSerial::availableForWrite()
 .text._ZN14HardwareSerial5writeEh
                0x000000000800d1c8       0x30 build_SurvivalGame-application/HardwareSerial.o
                0x000000000800d1c8                HardwareSerial::write(unsigned char)
 .text._ZL20serial2_trigger_putcv
                0x000000000800d1f8       0x10 build_SurvivalGame-application/HardwareSerial2.o
 .text.startup._GLOBAL__sub_I_Serial2
                0x000000000800d208       0x34 build_SurvivalGame-application/HardwareSerial2.o
 .text._ZN8SPIClass9io_configEv
                0x000000000800d23c       0x68 build_SurvivalGame-application/SPI.o
                0x000000000800d23c                SPIClass::io_config()
 .text._ZN8SPIClass5beginEv
                0x000000000800d2a4       0xd0 build_SurvivalGame-application/SPI.o
                0x000000000800d2a4                SPIClass::begin()
 .text.startup._GLOBAL__sub_I__ZN8SPIClassC2Ev
                0x000000000800d374       0x14 build_SurvivalGame-application/SPI.o
 .text._ZN7TwoWire9availableEv
                0x000000000800d388       0x14 build_SurvivalGame-application/Wire.o
                0x000000000800d388                TwoWire::available()
 .text._ZN7TwoWire4readEv
                0x000000000800d39c       0x28 build_SurvivalGame-application/Wire.o
                0x000000000800d39c                TwoWire::read()
 .text._ZN7TwoWire4peekEv
                0x000000000800d3c4       0x24 build_SurvivalGame-application/Wire.o
                0x000000000800d3c4                TwoWire::peek()
 .text._ZN7TwoWire5flushEv
                0x000000000800d3e8        0x2 build_SurvivalGame-application/Wire.o
                0x000000000800d3e8                TwoWire::flush()
 *fill*         0x000000000800d3ea        0x2 
 .text._ZN7TwoWire5writeEh
                0x000000000800d3ec       0x54 build_SurvivalGame-application/Wire.o
                0x000000000800d3ec                TwoWire::write(unsigned char)
 .text._ZN7TwoWire5writeEPKhj
                0x000000000800d440       0x34 build_SurvivalGame-application/Wire.o
                0x000000000800d440                TwoWire::write(unsigned char const*, unsigned int)
 .text.startup._GLOBAL__sub_I__ZN7TwoWire8rxBufferE
                0x000000000800d474       0x1c build_SurvivalGame-application/Wire.o
 .text._Z12twi_transmitPKhh
                0x000000000800d490       0x44 build_SurvivalGame-application/twi.o
                0x000000000800d490                twi_transmit(unsigned char const*, unsigned char)
 .text.__cxa_pure_virtual
                0x000000000800d4d4       0x1c build_SurvivalGame-application/mini_cpp.o
                0x000000000800d4d4                __cxa_pure_virtual
 .text._Znwj    0x000000000800d4f0        0x4 build_SurvivalGame-application/mini_cpp.o
                0x000000000800d4f0                operator new(unsigned int)
 .text._ZdlPv   0x000000000800d4f4        0x4 build_SurvivalGame-application/mini_cpp.o
                0x000000000800d4f4                operator delete(void*)
 .text._sbrk    0x000000000800d4f8       0x1c build_SurvivalGame-application/mini_cpp.o
                0x000000000800d4f8                _sbrk
 .text.malloc   0x000000000800d514       0x10 /home/phattlh/workspace/tools/gcc-arm-none-eabi-10.3-2021.10/arm-none-eabi/lib/thumb/v7-m/nofp/libc.a(lib_a-malloc.o)
                0x000000000800d514                malloc
 .text.free     0x000000000800d524       0x10 /home/phattlh/workspace/tools/gcc-arm-none-eabi-10.3-2021.10/arm-none-eabi/lib/thumb/v7-m/nofp/libc.a(lib_a-malloc.o)
                0x000000000800d524                free
 .text._malloc_r
                0x000000000800d534      0x558 /home/phattlh/workspace/tools/gcc-arm-none-eabi-10.3-2021.10/arm-none-eabi/lib/thumb/v7-m/nofp/libc.a(lib_a-mallocr.o)
                0x000000000800d534                _malloc_r
 .text.memcmp   0x000000000800da8c       0x68 /home/phattlh/workspace/tools/gcc-arm-none-eabi-10.3-2021.10/arm-none-eabi/lib/thumb/v7-m/nofp/libc.a(lib_a-memcmp.o)
                0x000000000800da8c                memcmp
 .text.memset   0x000000000800daf4       0xa4 /home/phattlh/workspace/tools/gcc-arm-none-eabi-10.3-2021.10/arm-none-eabi/lib/thumb/v7-m/nofp/libc.a(lib_a-memset.o)
                0x000000000800daf4                memset
 .text.__malloc_lock
                0x000000000800db98        0xc /home/phattlh/workspace/tools/gcc-arm-none-eabi-10.3-2021.10/arm-none-eabi/lib/thumb/v7-m/nofp/libc.a(lib_a-mlock.o)
                0x000000000800db98                __malloc_lock
 .text.__malloc_unlock
                0x000000000800dba4        0xc /home/phattlh/workspace/tools/gcc-arm-none-eabi-10.3-2021.10/arm-none-eabi/lib/thumb/v7-m/nofp/libc.a(lib_a-mlock.o)
                0x000000000800dba4                __malloc_unlock
 .text.rand     0x000000000800dbb0       0x38 /home/phattlh/workspace/tools/gcc-arm-none-eabi-10.3-2021.10/arm-none-eabi/lib/thumb/v7-m/nofp/libc.a(lib_a-rand.o)
                0x000000000800dbb0                rand
 .text._sbrk_r  0x000000000800dbe8       0x24 /home/phattlh/workspace/tools/gcc-arm-none-eabi-10.3-2021.10/arm-none-eabi/lib/thumb/v7-m/nofp/libc.a(lib_a-sbrkr.o)
                0x000000000800dbe8                _sbrk_r
 .text.strcpy   0x000000000800dc0c       0xbc /home/phattlh/workspace/tools/gcc-arm-none-eabi-10.3-2021.10/arm-none-eabi/lib/thumb/v7-m/nofp/libc.a(lib_a-strcpy.o)
                0x000000000800dc0c                strcpy
 .text.strlen   0x000000000800dcc8       0x5c /home/phattlh/workspace/tools/gcc-arm-none-eabi-10.3-2021.10/arm-none-eabi/lib/thumb/v7-m/nofp/libc.a(lib_a-strlen-stub.o)
                0x000000000800dcc8                strlen
 .text._strtol_l.part.0
                0x000000000800dd24      0x120 /home/phattlh/workspace/tools/gcc-arm-none-eabi-10.3-2021.10/arm-none-eabi/lib/thumb/v7-m/nofp/libc.a(lib_a-strtol.o)
 .text.strtol   0x000000000800de44       0x2c /home/phattlh/workspace/tools/gcc-arm-none-eabi-10.3-2021.10/arm-none-eabi/lib/thumb/v7-m/nofp/libc.a(lib_a-strtol.o)
                0x000000000800de44                strtol
 .text.__errno  0x000000000800de70        0xc /home/phattlh/workspace/tools/gcc-arm-none-eabi-10.3-2021.10/arm-none-eabi/lib/thumb/v7-m/nofp/libc.a(lib_a-errno.o)
                0x000000000800de70                __errno
 .text._malloc_trim_r
                0x000000000800de7c       0xa0 /home/phattlh/workspace/tools/gcc-arm-none-eabi-10.3-2021.10/arm-none-eabi/lib/thumb/v7-m/nofp/libc.a(lib_a-freer.o)
                0x000000000800de7c                _malloc_trim_r
 .text._free_r  0x000000000800df1c      0x200 /home/phattlh/workspace/tools/gcc-arm-none-eabi-10.3-2021.10/arm-none-eabi/lib/thumb/v7-m/nofp/libc.a(lib_a-freer.o)
                0x000000000800df1c                _free_r
 .text.__retarget_lock_acquire_recursive
                0x000000000800e11c        0x4 /home/phattlh/workspace/tools/gcc-arm-none-eabi-10.3-2021.10/arm-none-eabi/lib/thumb/v7-m/nofp/libc.a(lib_a-lock.o)
                0x000000000800e11c                __retarget_lock_acquire_recursive
 .text.__retarget_lock_release_recursive
                0x000000000800e120        0x4 /home/phattlh/workspace/tools/gcc-arm-none-eabi-10.3-2021.10/arm-none-eabi/lib/thumb/v7-m/nofp/libc.a(lib_a-lock.o)
                0x000000000800e120                __retarget_lock_release_recursive
 .text.abort    0x000000000800e124       0x10 /home/phattlh/workspace/tools/gcc-arm-none-eabi-10.3-2021.10/arm-none-eabi/lib/thumb/v7-m/nofp/libc.a(lib_a-abort.o)
                0x000000000800e124                abort
 .text.raise    0x000000000800e134       0x5c /home/phattlh/workspace/tools/gcc-arm-none-eabi-10.3-2021.10/arm-none-eabi/lib/thumb/v7-m/nofp/libc.a(lib_a-signal.o)
                0x000000000800e134                raise
 .text._kill_r  0x000000000800e190       0x28 /home/phattlh/workspace/tools/gcc-arm-none-eabi-10.3-2021.10/arm-none-eabi/lib/thumb/v7-m/nofp/libc.a(lib_a-signalr.o)
                0x000000000800e190                _kill_r
 .text._getpid_r
                0x000000000800e1b8        0x4 /home/phattlh/workspace/tools/gcc-arm-none-eabi-10.3-2021.10/arm-none-eabi/lib/thumb/v7-m/nofp/libc.a(lib_a-signalr.o)
                0x000000000800e1b8                _getpid_r
 *fill*         0x000000000800e1bc        0x4 
 .text.atan     0x000000000800e1c0      0x31c /home/phattlh/workspace/tools/gcc-arm-none-eabi-10.3-2021.10/arm-none-eabi/lib/thumb/v7-m/nofp/libm.a(lib_a-s_atan.o)
                0x000000000800e1c0                atan
 .text.fabs     0x000000000800e4dc        0x8 /home/phattlh/workspace/tools/gcc-arm-none-eabi-10.3-2021.10/arm-none-eabi/lib/thumb/v7-m/nofp/libm.a(lib_a-s_fabs.o)
                0x000000000800e4dc                fabs
 .text.unlikely._ZSt20__throw_length_errorPKc
                0x000000000800e4e4        0x6 /home/phattlh/workspace/tools/gcc-arm-none-eabi-10.3-2021.10/arm-none-eabi/lib/thumb/v7-m/nofp/libstdc++_nano.a(functexcept.o)
                0x000000000800e4e4                std::__throw_length_error(char const*)
 *fill*         0x000000000800e4ea        0x2 
 .text._getpid  0x000000000800e4ec        0x4 /home/phattlh/workspace/tools/gcc-arm-none-eabi-10.3-2021.10/arm-none-eabi/lib/thumb/v7-m/nofp/librdpmon.a(syscalls.o)
                0x000000000800e4ec                _getpid
 .text._exit    0x000000000800e4f0       0x14 /home/phattlh/workspace/tools/gcc-arm-none-eabi-10.3-2021.10/arm-none-eabi/lib/thumb/v7-m/nofp/librdpmon.a(_exit.o)
                0x000000000800e4f0                _exit
 .text._kill    0x000000000800e504        0x4 /home/phattlh/workspace/tools/gcc-arm-none-eabi-10.3-2021.10/arm-none-eabi/lib/thumb/v7-m/nofp/librdpmon.a(_kill.o)
                0x000000000800e504                _kill
 .text._kill_shared
                0x000000000800e508        0x4 /home/phattlh/workspace/tools/gcc-arm-none-eabi-10.3-2021.10/arm-none-eabi/lib/thumb/v7-m/nofp/librdpmon.a(_kill.o)
                0x000000000800e508                _kill_shared
 *(.rodata)
 *(.rodata*)
 .rodata.task_create.str1.1
                0x000000000800e50c        0x3 build_SurvivalGame-application/task.o
 .rodata.task_run.str1.1
                0x000000000800e50f       0x25 build_SurvivalGame-application/task.o
 .rodata.timer_set.str1.1
                0x000000000800e534        0x3 build_SurvivalGame-application/timer.o
 .rodata.msg_force_free.str1.1
                0x000000000800e537        0x3 build_SurvivalGame-application/message.o
 .rodata.ak_malloc.str1.1
                0x000000000800e53a        0xa build_SurvivalGame-application/message.o
 .rodata.fifo_put.str1.1
                0x000000000800e544        0x5 build_SurvivalGame-application/fifo.o
 .rodata.xvfprintf.str1.1
                0x000000000800e549        0xb build_SurvivalGame-application/xprintf.o
                                          0xc (size before relaxing)
 .rodata.CSWTCH.86
                0x000000000800e554       0x1b build_SurvivalGame-application/qrcode.o
 .rodata.NUM_ERROR_CORRECTION_BLOCKS
                0x000000000800e56f       0xa0 build_SurvivalGame-application/qrcode.o
 *fill*         0x000000000800e60f        0x1 
 .rodata.NUM_ERROR_CORRECTION_CODEWORDS
                0x000000000800e610      0x140 build_SurvivalGame-application/qrcode.o
 .rodata.NUM_RAW_DATA_MODULES
                0x000000000800e750       0x50 build_SurvivalGame-application/qrcode.o
 .rodata.sys_dbg_cpu_dump.str1.1
                0x000000000800e7a0       0x5f build_SurvivalGame-application/sys_dbg.o
 .rodata.sys_dbg_stack_space_dump.str1.1
                0x000000000800e7ff       0x2f build_SurvivalGame-application/sys_dbg.o
 .rodata.sys_dbg_fatal.str1.1
                0x000000000800e82e      0x25b build_SurvivalGame-application/sys_dbg.o
                                        0x261 (size before relaxing)
 .rodata.CSWTCH.8
                0x000000000800ea89        0xb build_SurvivalGame-application/mbutils.o
 .rodata.vMBPAssert.str1.1
                0x000000000800ea94        0x3 build_SurvivalGame-application/mbportother.o
 .rodata.exit_critical.str1.1
                0x000000000800ea97        0x4 build_SurvivalGame-application/platform.o
 .rodata.default_handler.str1.1
                0x000000000800ea9b        0x3 build_SurvivalGame-application/system.o
 .rodata.sys_cfg_update_info.str1.1
                0x000000000800ea9e       0x62 build_SurvivalGame-application/sys_cfg.o
                                         0x64 (size before relaxing)